Component: ARM Compiler 5.05 update 2 (build 169) Tool: armlink [4d0f33]

==============================================================================

Section Cross References

    startup_stm32f107xc.o(STACK) refers (Special) to heapauxi.o(.text) for __use_two_region_memory
    startup_stm32f107xc.o(HEAP) refers (Special) to heapauxi.o(.text) for __use_two_region_memory
    startup_stm32f107xc.o(RESET) refers (Special) to heapauxi.o(.text) for __use_two_region_memory
    startup_stm32f107xc.o(RESET) refers to startup_stm32f107xc.o(STACK) for __initial_sp
    startup_stm32f107xc.o(RESET) refers to startup_stm32f107xc.o(.text) for Reset_Handler
    startup_stm32f107xc.o(RESET) refers to stm32f1xx_it.o(i.NMI_Handler) for NMI_Handler
    startup_stm32f107xc.o(RESET) refers to stm32f1xx_it.o(i.HardFault_Handler) for HardFault_Handler
    startup_stm32f107xc.o(RESET) refers to stm32f1xx_it.o(i.MemManage_Handler) for MemManage_Handler
    startup_stm32f107xc.o(RESET) refers to stm32f1xx_it.o(i.BusFault_Handler) for BusFault_Handler
    startup_stm32f107xc.o(RESET) refers to stm32f1xx_it.o(i.UsageFault_Handler) for UsageFault_Handler
    startup_stm32f107xc.o(RESET) refers to stm32f1xx_it.o(i.SVC_Handler) for SVC_Handler
    startup_stm32f107xc.o(RESET) refers to stm32f1xx_it.o(i.DebugMon_Handler) for DebugMon_Handler
    startup_stm32f107xc.o(RESET) refers to stm32f1xx_it.o(i.PendSV_Handler) for PendSV_Handler
    startup_stm32f107xc.o(RESET) refers to stm32f1xx_it.o(i.SysTick_Handler) for SysTick_Handler
    startup_stm32f107xc.o(RESET) refers to stm32f1xx_it.o(i.OTG_FS_IRQHandler) for OTG_FS_IRQHandler
    startup_stm32f107xc.o(.text) refers (Special) to heapauxi.o(.text) for __use_two_region_memory
    startup_stm32f107xc.o(.text) refers to system_stm32f1xx_1.o(i.SystemInit) for SystemInit
    startup_stm32f107xc.o(.text) refers to __main.o(!!!main) for __main
    startup_stm32f107xc.o(.text) refers to startup_stm32f107xc.o(HEAP) for Heap_Mem
    startup_stm32f107xc.o(.text) refers to startup_stm32f107xc.o(STACK) for Stack_Mem
    system.o(i.get_pcb_version) refers to stm32f1xx_hal_gpio.o(i.HAL_GPIO_ReadPin) for HAL_GPIO_ReadPin
    main.o(i.MX_GPIO_Init) refers to stm32f1xx_hal_gpio.o(i.HAL_GPIO_WritePin) for HAL_GPIO_WritePin
    main.o(i.MX_GPIO_Init) refers to stm32f1xx_hal_gpio.o(i.HAL_GPIO_Init) for HAL_GPIO_Init
    main.o(i.MX_RTC_Init) refers to stm32f1xx_hal_rtc.o(i.HAL_RTC_Init) for HAL_RTC_Init
    main.o(i.MX_RTC_Init) refers to main.o(i._Error_Handler) for _Error_Handler
    main.o(i.MX_RTC_Init) refers to main.o(.bss) for hrtc
    main.o(i.SystemClock_Config) refers to stm32f1xx_hal_rcc.o(i.HAL_RCC_OscConfig) for HAL_RCC_OscConfig
    main.o(i.SystemClock_Config) refers to main.o(i._Error_Handler) for _Error_Handler
    main.o(i.SystemClock_Config) refers to stm32f1xx_hal_rcc.o(i.HAL_RCC_ClockConfig) for HAL_RCC_ClockConfig
    main.o(i.SystemClock_Config) refers to stm32f1xx_hal_rcc_ex.o(i.HAL_RCCEx_PeriphCLKConfig) for HAL_RCCEx_PeriphCLKConfig
    main.o(i.SystemClock_Config) refers to stm32f1xx_hal_rcc.o(i.HAL_RCC_GetHCLKFreq) for HAL_RCC_GetHCLKFreq
    main.o(i.SystemClock_Config) refers to stm32f1xx_hal_cortex.o(i.HAL_SYSTICK_Config) for HAL_SYSTICK_Config
    main.o(i.SystemClock_Config) refers to stm32f1xx_hal_cortex.o(i.HAL_SYSTICK_CLKSourceConfig) for HAL_SYSTICK_CLKSourceConfig
    main.o(i.SystemClock_Config) refers to stm32f1xx_hal_cortex.o(i.HAL_NVIC_SetPriority) for HAL_NVIC_SetPriority
    main.o(i.main) refers to stm32f1xx_hal.o(i.HAL_Init) for HAL_Init
    main.o(i.main) refers to main.o(i.SystemClock_Config) for SystemClock_Config
    main.o(i.main) refers to main.o(i.MX_GPIO_Init) for MX_GPIO_Init
    main.o(i.main) refers to fatfs.o(i.MX_FATFS_Init) for MX_FATFS_Init
    main.o(i.main) refers to usb_host.o(i.MX_USB_HOST_Init) for MX_USB_HOST_Init
    main.o(i.main) refers to main.o(i.MX_RTC_Init) for MX_RTC_Init
    main.o(i.main) refers to ff.o(i.f_mount) for f_mount
    main.o(i.main) refers to usb_host.o(i.MX_USB_HOST_Process) for MX_USB_HOST_Process
    main.o(i.main) refers to usb_dfu.o(i.usb_upgrade_proc) for usb_upgrade_proc
    main.o(i.main) refers to main.o(i.go_to) for go_to
    main.o(i.main) refers to main.o(.bss) for USBH_fatfs
    main.o(i.main) refers to main.o(.data) for gap
    fatfs.o(i.MX_FATFS_Init) refers to ff_gen_drv.o(i.FATFS_LinkDriver) for FATFS_LinkDriver
    fatfs.o(i.MX_FATFS_Init) refers to fatfs.o(.data) for USBHPath
    fatfs.o(i.MX_FATFS_Init) refers to usbh_diskio.o(.constdata) for USBH_Driver
    usb_host.o(i.MX_USB_HOST_Init) refers to usbh_core.o(i.USBH_Init) for USBH_Init
    usb_host.o(i.MX_USB_HOST_Init) refers to usbh_core.o(i.USBH_RegisterClass) for USBH_RegisterClass
    usb_host.o(i.MX_USB_HOST_Init) refers to usbh_core.o(i.USBH_Start) for USBH_Start
    usb_host.o(i.MX_USB_HOST_Init) refers to usb_host.o(i.USBH_UserProcess) for USBH_UserProcess
    usb_host.o(i.MX_USB_HOST_Init) refers to usb_host.o(.bss) for hUsbHostFS
[...]
    cmp_lfn                                  0x08006029   Thumb Code   138  ff.o(i.cmp_lfn)
    i.create_chain                           0x080060b8   Section        0  ff.o(i.create_chain)
    create_chain                             0x080060b9   Thumb Code   234  ff.o(i.create_chain)
    i.create_name                            0x080061a4   Section        0  ff.o(i.create_name)
    create_name                              0x080061a5   Thumb Code   534  ff.o(i.create_name)
    i.dec_lock                               0x080063d4   Section        0  ff.o(i.dec_lock)
    dec_lock                                 0x080063d5   Thumb Code    72  ff.o(i.dec_lock)
    i.dir_alloc                              0x08006420   Section        0  ff.o(i.dir_alloc)
    dir_alloc                                0x08006421   Thumb Code   100  ff.o(i.dir_alloc)
    i.dir_find                               0x08006484   Section        0  ff.o(i.dir_find)
    dir_find                                 0x08006485   Thumb Code   258  ff.o(i.dir_find)
    i.dir_next                               0x08006586   Section        0  ff.o(i.dir_next)
    dir_next                                 0x08006587   Thumb Code   346  ff.o(i.dir_next)
    i.dir_register                           0x080066e0   Section        0  ff.o(i.dir_register)
    dir_register                             0x080066e1   Thumb Code   330  ff.o(i.dir_register)
    i.dir_sdi                                0x0800682a   Section        0  ff.o(i.dir_sdi)
    dir_sdi                                  0x0800682b   Thumb Code   200  ff.o(i.dir_sdi)
    i.disk_initialize                        0x080068f4   Section        0  diskio.o(i.disk_initialize)
    i.disk_ioctl                             0x08006920   Section        0  diskio.o(i.disk_ioctl)
    i.disk_read                              0x08006948   Section        0  diskio.o(i.disk_read)
    i.disk_status                            0x08006978   Section        0  diskio.o(i.disk_status)
    i.disk_write                             0x08006994   Section        0  diskio.o(i.disk_write)
    i.enq_lock                               0x080069c4   Section        0  ff.o(i.enq_lock)
    enq_lock                                 0x080069c5   Thumb Code    36  ff.o(i.enq_lock)
    i.f_close                                0x080069ec   Section        0  ff.o(i.f_close)
    i.f_lseek                                0x08006a1a   Section        0  ff.o(i.f_lseek)
    i.f_mount                                0x08006d5c   Section        0  ff.o(i.f_mount)
    i.f_open                                 0x08006dc0   Section        0  ff.o(i.f_open)
    i.f_read                                 0x08006fa4   Section        0  ff.o(i.f_read)
    i.f_sync                                 0x080071a8   Section        0  ff.o(i.f_sync)
    i.ff_convert                             0x08007274   Section        0  ccsbcs.o(i.ff_convert)
    i.ff_wtoupper                            0x080072c0   Section        0  ccsbcs.o(i.ff_wtoupper)
    i.find_volume                            0x080072f8   Section        0  ff.o(i.find_volume)
    find_volume                              0x080072f9   Thumb Code   970  ff.o(i.find_volume)
    i.fit_lfn                                0x080076d4   Section        0  ff.o(i.fit_lfn)
    fit_lfn                                  0x080076d5   Thumb Code   122  ff.o(i.fit_lfn)
    i.follow_path                            0x08007754   Section        0  ff.o(i.follow_path)
    follow_path                              0x08007755   Thumb Code   156  ff.o(i.follow_path)
    i.gen_crc                                0x080077f0   Section        0  usb_dfu.o(i.gen_crc)
    gen_crc                                  0x080077f1   Thumb Code    24  usb_dfu.o(i.gen_crc)
    i.gen_numname                            0x08007808   Section        0  ff.o(i.gen_numname)
    gen_numname                              0x08007809   Thumb Code   176  ff.o(i.gen_numname)
    i.get_fat                                0x080078bc   Section        0  ff.o(i.get_fat)
    i.get_fattime                            0x080079aa   Section        0  fatfs.o(i.get_fattime)
    i.get_ldnumber                           0x080079ae   Section        0  ff.o(i.get_ldnumber)
    get_ldnumber                             0x080079af   Thumb Code    72  ff.o(i.get_ldnumber)
    i.get_pcb_version                        0x080079f8   Section        0  system.o(i.get_pcb_version)
    i.go_to                                  0x08007a44   Section        0  main.o(i.go_to)
    go_to                                    0x08007a45   Thumb Code    34  main.o(i.go_to)
    i.inc_lock                               0x08007a6c   Section        0  ff.o(i.inc_lock)
    inc_lock                                 0x08007a6d   Thumb Code   226  ff.o(i.inc_lock)
    i.inter_flash_page_write                 0x08007b54   Section        0  usb_dfu.o(i.inter_flash_page_write)
    inter_flash_page_write                   0x08007b55   Thumb Code    50  usb_dfu.o(i.inter_flash_page_write)
    i.ld_clust                               0x08007b86   Section        0  ff.o(i.ld_clust)
    ld_clust                                 0x08007b87   Thumb Code    34  ff.o(i.ld_clust)
    i.main                                   0x08007ba8   Section        0  main.o(i.main)
    i.mem_cmp                                0x08007c34   Section        0  ff.o(i.mem_cmp)
    mem_cmp                                  0x08007c35   Thumb Code    38  ff.o(i.mem_cmp)
    i.mem_cpy                                0x08007c5a   Section        0  ff.o(i.mem_cpy)
    mem_cpy                                  0x08007c5b   Thumb Code    26  ff.o(i.mem_cpy)
    i.mem_set                                0x08007c74   Section        0  ff.o(i.mem_set)
    mem_set                                  0x08007c75   Thumb Code    20  ff.o(i.mem_set)
    i.move_window                            0x08007c88   Section        0  ff.o(i.move_window)
    move_window                              0x08007c89   Thumb Code    56  ff.o(i.move_window)
    i.program                                0x08007cc0   Section        0  usb_dfu.o(i.program)
    program                                  0x08007cc1   Thumb Code   128  usb_dfu.o(i.program)
    i.put_fat                                0x08007d4c   Section        0  ff.o(i.put_fat)
    i.remove_chain                           0x08007e92   Section        0  ff.o(i.remove_chain)
    remove_chain                             0x08007e93   Thumb Code   122  ff.o(i.remove_chain)
    i.st_clust                               0x08007f0c   Section        0  ff.o(i.st_clust)
    st_clust                                 0x08007f0d   Thumb Code    16  ff.o(i.st_clust)
    i.sum_sfn                                0x08007f1c   Section        0  ff.o(i.sum_sfn)
    sum_sfn                                  0x08007f1d   Thumb Code    32  ff.o(i.sum_sfn)
    i.sync_fs                                0x08007f3c   Section        0  ff.o(i.sync_fs)
    sync_fs                                  0x08007f3d   Thumb Code   244  ff.o(i.sync_fs)
    i.sync_window                            0x08008030   Section        0  ff.o(i.sync_window)
    sync_window                              0x08008031   Thumb Code    96  ff.o(i.sync_window)
    i.upgrade_pack_check                     0x08008090   Section        0  usb_dfu.o(i.upgrade_pack_check)
    upgrade_pack_check                       0x08008091   Thumb Code   224  usb_dfu.o(i.upgrade_pack_check)
    i.usb_upgrade_proc                       0x08008188   Section        0  usb_dfu.o(i.usb_upgrade_proc)
    i.validate                               0x08008228   Section        0  ff.o(i.validate)
    validate                                 0x08008229   Thumb Code    66  ff.o(i.validate)
    i.verify                                 0x0800826a   Section        0  usb_dfu.o(i.verify)
    verify                                   0x0800826b   Thumb Code    56  usb_dfu.o(i.verify)
    i.write_head                             0x080082a4   Section        0  usb_dfu.o(i.write_head)
    write_head                               0x080082a5   Thumb Code   100  usb_dfu.o(i.write_head)
    .constdata                               0x08008314   Section       24  system_stm32f1xx_1.o(.constdata)
    .constdata                               0x0800832c   Section     1216  ccsbcs.o(.constdata)
    Tbl                                      0x0800832c   Data         256  ccsbcs.o(.constdata)
    tbl_lower                                0x0800842c   Data         480  ccsbcs.o(.constdata)
    tbl_upper                                0x0800860c   Data         480  ccsbcs.o(.constdata)
    .constdata                               0x080087ec   Section       20  usbh_diskio.o(.constdata)
    .constdata                               0x08008800   Section      186  ff.o(.constdata)
    ExCvt                                    0x08008800   Data         128  ff.o(.constdata)
    LfnOfs                                   0x08008880   Data          13  ff.o(.constdata)
    vst                                      0x0800888e   Data          22  ff.o(.constdata)
    cst                                      0x080088a4   Data          22  ff.o(.constdata)
    .conststring                             0x080088bc   Section       47  usb_dfu.o(.conststring)
    .conststring                             0x080088ec   Section        4  usbh_msc.o(.conststring)
    .data                                    0x20000000   Section        4  main.o(.data)
    gap                                      0x20000000   Data           4  main.o(.data)
    .data                                    0x20000004   Section        5  fatfs.o(.data)
    .data                                    0x20000009   Section        1  usb_host.o(.data)
    .data                                    0x2000000c   Section       20  usb_dfu.o(.data)
    update_file                              0x2000000c   Data          12  usb_dfu.o(.data)
    app_head                                 0x20000018   Data           4  usb_dfu.o(.data)
    bl_head                                  0x2000001c   Data           4  usb_dfu.o(.data)
    .data                                    0x20000020   Section        9  stm32f1xx_hal.o(.data)
    .data                                    0x2000002c   Section        4  system_stm32f1xx_1.o(.data)
    .data                                    0x20000030   Section        6  ff.o(.data)
    FatFs                                    0x20000030   Data           4  ff.o(.data)
    Fsid                                     0x20000034   Data           2  ff.o(.data)
    .data                                    0x20000038   Section       32  usbh_msc.o(.data)
    .bss                                     0x20000058   Section      580  main.o(.bss)
    USBH_fatfs                               0x2000006c   Data         560  main.o(.bss)
    .bss                                     0x2000029c   Section      968  usb_host.o(.bss)
    .bss                                     0x20000664   Section      644  usbh_conf.o(.bss)
    .bss                                     0x200008e8   Section     2804  usb_dfu.o(.bss)
    buf                                      0x200008e8   Data        2048  usb_dfu.o(.bss)
    package_head                             0x200010e8   Data         200  usb_dfu.o(.bss)
    file                                     0x200011b0   Data         556  usb_dfu.o(.bss)
    .bss                                     0x200013e0   Section       32  stm32f1xx_hal_flash.o(.bss)
    .bss                                     0x20001400   Section       24  ff.o(.bss)
    Files                                    0x20001400   Data          24  ff.o(.bss)
    .bss                                     0x20001418   Section       12  ff_gen_drv.o(.bss)
    .bss                                     0x20001424   Section       96  libspace.o(.bss)
    HEAP                                     0x20001488   Section     8192  startup_stm32f107xc.o(HEAP)
    Heap_Mem                                 0x20001488   Data        8192  startup_stm32f107xc.o(HEAP)
    STACK                                    0x20003488   Section     8192  startup_stm32f107xc.o(STACK)
    Stack_Mem                                0x20003488   Data        8192  startup_stm32f107xc.o(STACK)
    __initial_sp                             0x20005488   Data           0  startup_stm32f107xc.o(STACK)

    Global Symbols

    Symbol Name                              Value     Ov Type        Size  Object(Section)

    BuildAttributes$$THM_ISAv4$P$D$K$B$S$PE$A:L22UL41UL21$X:L11$S22US41US21$IEEE1$IW$USESV6$~STKCKD$USESV7$~SHL$OTIME$ROPI$EBA8$UX$STANDARDLIB$REQ8$PRES8$EABIv2 0x00000000   Number         0  anon$$obj.o ABSOLUTE
    __ARM_use_no_argv                        0x00000000   Number         0  main.o ABSOLUTE
    __ARM_exceptions_init                     - Undefined Weak Reference
    __alloca_initialize                       - Undefined Weak Reference
    __arm_preinit_                            - Undefined Weak Reference
    __cpp_initialize__aeabi_                  - Undefined Weak Reference
    __cxa_finalize                            - Undefined Weak Reference
    __rt_locale                               - Undefined Weak Reference
    __sigvec_lookup                           - Undefined Weak Reference
    __user_heap_extent                        - Undefined Weak Reference
    _atexit_init                              - Undefined Weak Reference
    _call_atexit_fns                          - Undefined Weak Reference
    _clock_init                               - Undefined Weak Reference
    _fp_trap_init                             - Undefined Weak Reference
    _fp_trap_shutdown                         - Undefined Weak Reference
    _get_lc_collate                           - Undefined Weak Reference
    _get_lc_ctype                             - Undefined Weak Reference
    _get_lc_monetary                          - Undefined Weak Reference
    _get_lc_numeric                           - Undefined Weak Reference
    _get_lc_time                              - Undefined Weak Reference
    _getenv_init                              - Undefined Weak Reference
    _handle_redirection                       - Undefined Weak Reference
    _initio                                   - Undefined Weak Reference
    _mutex_acquire                            - Undefined Weak Reference
    _mutex_free                               - Undefined Weak Reference
    _mutex_release                            - Undefined Weak Reference
    _rand_init                                - Undefined Weak Reference
    _signal_finish                            - Undefined Weak Reference
    _signal_init                              - Undefined Weak Reference
    _terminateio                              - Undefined Weak Reference
    __Vectors_Size                           0x00000150   Number         0  startup_stm32f107xc.o ABSOLUTE
    __Vectors                                0x08000000   Data           4  startup_stm32f107xc.o(RESET)
    __Vectors_End                            0x08000150   Data           0  startup_stm32f107xc.o(RESET)
    __main                                   0x08000151   Thumb Code     8  __main.o(!!!main)
    __scatterload                            0x08000159   Thumb Code     0  __scatter.o(!!!scatter)
    __scatterload_rt2                        0x08000159   Thumb Code    44  __scatter.o(!!!scatter)
    __scatterload_rt2_thumb_only             0x08000159   Thumb Code     0  __scatter.o(!!!scatter)
    __scatterload_null                       0x08000167   Thumb Code     0  __scatter.o(!!!scatter)
    __scatterload_copy                       0x0800018d   Thumb Code    26  __scatter_copy.o(!!handler_copy)
    __scatterload_zeroinit                   0x080001a9   Thumb Code    28  __scatter_zi.o(!!handler_zi)
    __rt_lib_init                            0x080001c5   Thumb Code     0  libinit.o(.ARM.Collect$$libinit$$00000000)
    __rt_lib_init_fp_1                       0x080001c7   Thumb Code     0  libinit2.o(.ARM.Collect$$libinit$$00000002)
    __rt_lib_init_heap_2                     0x080001c7   Thumb Code     0  libinit2.o(.ARM.Collect$$libinit$$00000005)
    __rt_lib_init_preinit_1                  0x080001c7   Thumb Code     0  libinit2.o(.ARM.Collect$$libinit$$00000004)
    __rt_lib_init_alloca_1                   0x080001cf   Thumb Code     0  libinit2.o(.ARM.Collect$$libinit$$0000002E)
    __rt_lib_init_argv_1                     0x080001cf   Thumb Code     0  libinit2.o(.ARM.Collect$$libinit$$0000002C)
    __rt_lib_init_atexit_1                   0x080001cf   Thumb Code     0  libinit2.o(.ARM.Collect$$libinit$$0000001B)
    __rt_lib_init_clock_1                    0x080001cf   Thumb Code     0  libinit2.o(.ARM.Collect$$libinit$$00000021)
    __rt_lib_init_cpp_1                      0x080001cf   Thumb Code     0  libinit2.o(.ARM.Collect$$libinit$$00000032)
    __rt_lib_init_exceptions_1               0x080001cf   Thumb Code     0  libinit2.o(.ARM.Collect$$libinit$$00000030)
    __rt_lib_init_fp_trap_1                  0x080001cf   Thumb Code     0  libinit2.o(.ARM.Collect$$libinit$$0000001F)
    __rt_lib_init_getenv_1                   0x080001cf   Thumb Code     0  libinit2.o(.ARM.Collect$$libinit$$00000023)
    __rt_lib_init_heap_1                     0x080001cf   Thumb Code     0  libinit2.o(.ARM.Collect$$libinit$$0000000A)
    __rt_lib_init_lc_collate_1               0x080001cf   Thumb Code     0  libinit2.o(.ARM.Collect$$libinit$$00000011)
    __rt_lib_init_lc_ctype_1                 0x080001cf   Thumb Code     0  libinit2.o(.ARM.Collect$$libinit$$00000013)
    __rt_lib_init_lc_monetary_1              0x080001cf   Thumb Code     0  libinit2.o(.ARM.Collect$$libinit$$00000015)
    __rt_lib_init_lc_numeric_1               0x080001cf   Thumb Code     0  libinit2.o(.ARM.Collect$$libinit$$00000017)
    __rt_lib_init_lc_time_1                  0x080001cf   Thumb Code     0  libinit2.o(.ARM.Collect$$libinit$$00000019)
    __rt_lib_init_rand_1                     0x080001cf   Thumb Code     0  libinit2.o(.ARM.Collect$$libinit$$0000000E)
    __rt_lib_init_return                     0x080001cf   Thumb Code     0  libinit2.o(.ARM.Collect$$libinit$$00000033)
    __rt_lib_init_signal_1                   0x080001cf   Thumb Code     0  libinit2.o(.ARM.Collect$$libinit$$0000001D)
    __rt_lib_init_stdio_1                    0x080001cf   Thumb Code     0  libinit2.o(.ARM.Collect$$libinit$$00000025)
    __rt_lib_init_user_alloc_1               0x080001cf   Thumb Code     0  libinit2.o(.ARM.Collect$$libinit$$0000000C)
    __rt_lib_shutdown                        0x080001d1   Thumb Code     0  libshutdown.o(.ARM.Collect$$libshutdown$$00000000)
    __rt_lib_shutdown_fp_trap_1              0x080001d3   Thumb Code     0  libshutdown2.o(.ARM.Collect$$libshutdown$$00000006)
    __rt_lib_shutdown_heap_1                 0x080001d3   Thumb Code     0  libshutdown2.o(.ARM.Collect$$libshutdown$$0000000E)
    __rt_lib_shutdown_return                 0x080001d3   Thumb Code     0  libshutdown2.o(.ARM.Collect$$libshutdown$$0000000F)
    __rt_lib_shutdown_signal_1               0x080001d3   Thumb Code     0  libshutdown2.o(.ARM.Collect$$libshutdown$$00000009)
    __rt_lib_shutdown_stdio_1                0x080001d3   Thumb Code     0  libshutdown2.o(.ARM.Collect$$libshutdown$$00000003)
    __rt_lib_shutdown_user_alloc_1           0x080001d3   Thumb Code     0  libshutdown2.o(.ARM.Collect$$libshutdown$$0000000B)
    __rt_entry                               0x080001d5   Thumb Code     0  __rtentry.o(.ARM.Collect$$rtentry$$00000000)
    __rt_entry_presh_1                       0x080001d5   Thumb Code     0  __rtentry2.o(.ARM.Collect$$rtentry$$00000002)
    __rt_entry_sh                            0x080001d5   Thumb Code     0  __rtentry4.o(.ARM.Collect$$rtentry$$00000004)
    __rt_entry_li                            0x080001db   Thumb Code     0  __rtentry2.o(.ARM.Collect$$rtentry$$0000000A)
    __rt_entry_postsh_1                      0x080001db   Thumb Code     0  __rtentry2.o(.ARM.Collect$$rtentry$$00000009)
    __rt_entry_main                          0x080001df   Thumb Code     0  __rtentry2.o(.ARM.Collect$$rtentry$$0000000D)
    __rt_entry_postli_1                      0x080001df   Thumb Code     0  __rtentry2.o(.ARM.Collect$$rtentry$$0000000C)
    __rt_exit                                0x080001e7   Thumb Code     0  rtexit.o(.ARM.Collect$$rtexit$$00000000)
    __rt_exit_ls                             0x080001e9   Thumb Code     0  rtexit2.o(.ARM.Collect$$rtexit$$00000003)
    __rt_exit_prels_1                        0x080001e9   Thumb Code     0  rtexit2.o(.ARM.Collect$$rtexit$$00000002)
    __rt_exit_exit                           0x080001ed   Thumb Code     0  rtexit2.o(.ARM.Collect$$rtexit$$00000004)
    Reset_Handler                            0x080001f5   Thumb Code     8  startup_stm32f107xc.o(.text)
    _maybe_terminate_alloc                   0x080001f5   Thumb Code     0  maybetermalloc1.o(.emb_text)
    ADC1_2_IRQHandler                        0x0800020f   Thumb Code     0  startup_stm32f107xc.o(.text)
    CAN1_RX0_IRQHandler                      0x0800020f   Thumb Code     0  startup_stm32f107xc.o(.text)
    CAN1_RX1_IRQHandler                      0x0800020f   Thumb Code     0  startup_stm32f107xc.o(.text)
    CAN1_SCE_IRQHandler                      0x0800020f   Thumb Code     0  startup_stm32f107xc.o(.text)
    CAN1_TX_IRQHandler                       0x0800020f   Thumb Code     0  startup_stm32f107xc.o(.text)
    CAN2_RX0_IRQHandler                      0x0800020f   Thumb Code     0  startup_stm32f107xc.o(.text)
    CAN2_RX1_IRQHandler                      0x0800020f   Thumb Code     0  startup_stm32f107xc.o(.text)
    CAN2_SCE_IRQHandler                      0x0800020f   Thumb Code     0  startup_stm32f107xc.o(.text)
    CAN2_TX_IRQHandler                       0x0800020f   Thumb Code     0  startup_stm32f107xc.o(.text)
    DMA1_Channel1_IRQHandler                 0x0800020f   Thumb Code     0  startup_stm32f107xc.o(.text)
    DMA1_Channel2_IRQHandler                 0x0800020f   Thumb Code     0  startup_stm32f107xc.o(.text)
    DMA1_Channel3_IRQHandler                 0x0800020f   Thumb Code     0  startup_stm32f107xc.o(.text)
    DMA1_Channel4_IRQHandler                 0x0800020f   Thumb Code     0  startup_stm32f107xc.o(.text)
    DMA1_Channel5_IRQHandler                 0x0800020f   Thumb Code     0  startup_stm32f107xc.o(.text)
    DMA1_Channel6_IRQHandler                 0x0800020f   Thumb Code     0  startup_stm32f107xc.o(.text)
    DMA1_Channel7_IRQHandler                 0x0800020f   Thumb Code     0  startup_stm32f107xc.o(.text)
    DMA2_Channel1_IRQHandler                 0x0800020f   Thumb Code     0  startup_stm32f107xc.o(.text)
    DMA2_Channel2_IRQHandler                 0x0800020f   Thumb Code     0  startup_stm32f107xc.o(.text)
    DMA2_Channel3_IRQHandler                 0x0800020f   Thumb Code     0  startup_stm32f107xc.o(.text)
    DMA2_Channel4_IRQHandler                 0x0800020f   Thumb Code     0  startup_stm32f107xc.o(.text)
    DMA2_Channel5_IRQHandler                 0x0800020f   Thumb Code     0  startup_stm32f107xc.o(.text)
    ETH_IRQHandler                           0x0800020f   Thumb Code     0  startup_stm32f107xc.o(.text)
    ETH_WKUP_IRQHandler                      0x0800020f   Thumb Code     0  startup_stm32f107xc.o(.text)
    EXTI0_IRQHandler                         0x0800020f   Thumb Code     0  startup_stm32f107xc.o(.text)
    EXTI15_10_IRQHandler                     0x0800020f   Thumb Code     0  startup_stm32f107xc.o(.text)
    EXTI1_IRQHandler                         0x0800020f   Thumb Code     0  startup_stm32f107xc.o(.text)
    EXTI2_IRQHandler                         0x0800020f   Thumb Code     0  startup_stm32f107xc.o(.text)
    EXTI3_IRQHandler                         0x0800020f   Thumb Code     0  startup_stm32f107xc.o(.text)
    EXTI4_IRQHandler                         0x0800020f   Thumb Code     0  startup_stm32f107xc.o(.text)
    EXTI9_5_IRQHandler                       0x0800020f   Thumb Code     0  startup_stm32f107xc.o(.text)
    FLASH_IRQHandler                         0x0800020f   Thumb Code     0  startup_stm32f107xc.o(.text)
    I2C1_ER_IRQHandler                       0x0800020f   Thumb Code     0  startup_stm32f107xc.o(.text)
    I2C1_EV_IRQHandler                       0x0800020f   Thumb Code     0  startup_stm32f107xc.o(.text)
    I2C2_ER_IRQHandler                       0x0800020f   Thumb Code     0  startup_stm32f107xc.o(.text)
    I2C2_EV_IRQHandler                       0x0800020f   Thumb Code     0  startup_stm32f107xc.o(.text)
    OTG_FS_WKUP_IRQHandler                   0x0800020f   Thumb Code     0  startup_stm32f107xc.o(.text)
    PVD_IRQHandler                           0x0800020f   Thumb Code     0  startup_stm32f107xc.o(.text)
    RCC_IRQHandler                           0x0800020f   Thumb Code     0  startup_stm32f107xc.o(.text)
    RTC_Alarm_IRQHandler                     0x0800020f   Thumb Code     0  startup_stm32f107xc.o(.text)
    RTC_IRQHandler                           0x0800020f   Thumb Code     0  startup_stm32f107xc.o(.text)
    SPI1_IRQHandler                          0x0800020f   Thumb Code     0  startup_stm32f107xc.o(.text)
    SPI2_IRQHandler                          0x0800020f   Thumb Code     0  startup_stm32f107xc.o(.text)
    SPI3_IRQHandler                          0x0800020f   Thumb Code     0  startup_stm32f107xc.o(.text)
    TAMPER_IRQHandler                        0x0800020f   Thumb Code     0  startup_stm32f107xc.o(.text)
    TIM1_BRK_IRQHandler                      0x0800020f   Thumb Code     0  startup_stm32f107xc.o(.text)
    TIM1_CC_IRQHandler                       0x0800020f   Thumb Code     0  startup_stm32f107xc.o(.text)
    TIM1_TRG_COM_IRQHandler                  0x0800020f   Thumb Code     0  startup_stm32f107xc.o(.text)
    TIM1_UP_IRQHandler                       0x0800020f   Thumb Code     0  startup_stm32f107xc.o(.text)
    TIM2_IRQHandler                          0x0800020f   Thumb Code     0  startup_stm32f107xc.o(.text)
    TIM3_IRQHandler                          0x0800020f   Thumb Code     0  startup_stm32f107xc.o(.text)
    TIM4_IRQHandler                          0x0800020f   Thumb Code     0  startup_stm32f107xc.o(.text)
    TIM5_IRQHandler                          0x0800020f   Thumb Code     0  startup_stm32f107xc.o(.text)
    TIM6_IRQHandler                          0x0800020f   Thumb Code     0  startup_stm32f107xc.o(.text)
    TIM7_IRQHandler                          0x0800020f   Thumb Code     0  startup_stm32f107xc.o(.text)
    UART4_IRQHandler                         0x0800020f   Thumb Code     0  startup_stm32f107xc.o(.text)
    UART5_IRQHandler                         0x0800020f   Thumb Code     0  startup_stm32f107xc.o(.text)
    USART1_IRQHandler                        0x0800020f   Thumb Code     0  startup_stm32f107xc.o(.text)
    USART2_IRQHandler                        0x0800020f   Thumb Code     0  startup_stm32f107xc.o(.text)
    USART3_IRQHandler                        0x0800020f   Thumb Code     0  startup_stm32f107xc.o(.text)
    WWDG_IRQHandler                          0x0800020f   Thumb Code     0  startup_stm32f107xc.o(.text)
    __user_initial_stackheap                 0x08000211   Thumb Code     0  startup_stm32f107xc.o(.text)
    malloc                                   0x08000235   Thumb Code    94  h1_alloc.o(.text)
    free                                     0x08000293   Thumb Code    78  h1_free.o(.text)
    __aeabi_uldivmod                         0x080002e1   Thumb Code     0  lludivv7m.o(.text)
    _ll_udiv                                 0x080002e1   Thumb Code   238  lludivv7m.o(.text)
    __aeabi_llsr                             0x080003cf   Thumb Code     0  llushr.o(.text)
    _ll_ushift_r                             0x080003cf   Thumb Code    38  llushr.o(.text)
    memcmp                                   0x080003f5   Thumb Code    88  memcmp.o(.text)
    __aeabi_memcpy                           0x0800044d   Thumb Code     0  rt_memcpy_v6.o(.text)
    __rt_memcpy                              0x0800044d   Thumb Code   138  rt_memcpy_v6.o(.text)
    _memcpy_lastbytes                        0x080004b3   Thumb Code     0  rt_memcpy_v6.o(.text)
    __aeabi_memcpy4                          0x080004d7   Thumb Code     0  rt_memcpy_w.o(.text)
    __aeabi_memcpy8                          0x080004d7   Thumb Code     0  rt_memcpy_w.o(.text)
    __rt_memcpy_w                            0x080004d7   Thumb Code   100  rt_memcpy_w.o(.text)
    _memcpy_lastbytes_aligned                0x0800051f   Thumb Code     0  rt_memcpy_w.o(.text)
    __aeabi_memclr                           0x0800053b   Thumb Code     0  rt_memclr.o(.text)
    __rt_memclr                              0x0800053b   Thumb Code    68  rt_memclr.o(.text)
    _memset                                  0x0800053f   Thumb Code     0  rt_memclr.o(.text)
    __aeabi_memclr4                          0x0800057f   Thumb Code     0  rt_memclr_w.o(.text)
    __aeabi_memclr8                          0x0800057f   Thumb Code     0  rt_memclr_w.o(.text)
    __rt_memclr_w                            0x0800057f   Thumb Code    78  rt_memclr_w.o(.text)
    _memset_w                                0x08000583   Thumb Code     0  rt_memclr_w.o(.text)
    __use_two_region_memory                  0x080005cd   Thumb Code     2  heapauxi.o(.text)
    __rt_heap_escrow                         0x080005cf   Thumb Code     2  heapauxi.o(.text)
    __rt_heap_expand                         0x080005d1   Thumb Code     2  heapauxi.o(.text)
    __rt_heap_descriptor                     0x080005d5   Thumb Code     8  rt_heap_descriptor_intlibspace.o(.text)
    __use_no_heap                            0x080005dd   Thumb Code     2  hguard.o(.text)
    __heap$guard                             0x080005df   Thumb Code     2  hguard.o(.text)
    _terminate_user_alloc                    0x080005e1   Thumb Code     2  init_alloc.o(.text)
    _init_user_alloc                         0x080005e3   Thumb Code     2  init_alloc.o(.text)
    __Heap_Full                              0x080005e5   Thumb Code    34  init_alloc.o(.text)
    __Heap_Broken                            0x08000607   Thumb Code     6  init_alloc.o(.text)
    _init_alloc                              0x0800060d   Thumb Code    94  init_alloc.o(.text)
    __Heap_Initialize                        0x0800066b   Thumb Code    10  h1_init.o(.text)
    __Heap_DescSize                          0x08000675   Thumb Code     4  h1_init.o(.text)
    __user_libspace                          0x08000679   Thumb Code     8  libspace.o(.text)
    __user_perproc_libspace                  0x08000679   Thumb Code     0  libspace.o(.text)
    __user_perthread_libspace                0x08000679   Thumb Code     0  libspace.o(.text)
    __Heap_ProvideMemory                     0x08000681   Thumb Code    52  h1_extend.o(.text)
    __rt_SIGRTMEM                            0x080006b5   Thumb Code    14  defsig_rtmem_outer.o(.text)
    __I$use$semihosting                      0x080006c3   Thumb Code     0  use_no_semi.o(.text)
    __use_no_semihosting_swi                 0x080006c3   Thumb Code     2  use_no_semi.o(.text)
    __semihosting_library_function           0x080006c5   Thumb Code     0  indicate_semi.o(.text)
    __user_setup_stackheap                   0x080006c5   Thumb Code    74  sys_stackheap_outer.o(.text)
    exit                                     0x0800070f   Thumb Code    12  exit.o(.text)
    __sig_exit                               0x0800071b   Thumb Code    10  defsig_exit.o(.text)
    __rt_SIGRTMEM_inner                      0x08000725   Thumb Code    22  defsig_rtmem_inner.o(.text)
    _sys_exit                                0x08000775   Thumb Code     8  sys_exit.o(.text)
    __default_signal_display                 0x08000781   Thumb Code    50  defsig_general.o(.text)
    _ttywrch                                 0x080007b3   Thumb Code    14  sys_wrch.o(.text)
    BusFault_Handler                         0x080007c1   Thumb Code     4  stm32f1xx_it.o(i.BusFault_Handler)
    DebugMon_Handler                         0x08000817   Thumb Code     2  stm32f1xx_it.o(i.DebugMon_Handler)
    FATFS_LinkDriver                         0x08000819   Thumb Code    18  ff_gen_drv.o(i.FATFS_LinkDriver)
    FATFS_LinkDriverEx                       0x0800082d   Thumb Code    78  ff_gen_drv.o(i.FATFS_LinkDriverEx)
    FLASH_PageErase                          0x080008a9   Thumb Code    32  stm32f1xx_hal_flash_ex_1.o(i.FLASH_PageErase)
    FLASH_WaitForLastOperation               0x08000975   Thumb Code   106  stm32f1xx_hal_flash.o(i.FLASH_WaitForLastOperation)
    HAL_Delay                                0x080009e5   Thumb Code    36  stm32f1xx_hal.o(i.HAL_Delay)
    HAL_FLASHEx_Erase                        0x08000a0d   Thumb Code   168  stm32f1xx_hal_flash_ex_1.o(i.HAL_FLASHEx_Erase)
    HAL_FLASH_Lock                           0x08000abd   Thumb Code    16  stm32f1xx_hal_flash.o(i.HAL_FLASH_Lock)
    HAL_FLASH_Program                        0x08000ad1   Thumb Code   168  stm32f1xx_hal_flash.o(i.HAL_FLASH_Program)
    HAL_FLASH_Unlock                         0x08000b81   Thumb Code    36  stm32f1xx_hal_flash.o(i.HAL_FLASH_Unlock)
    HAL_GPIO_Init                            0x08000bb1   Thumb Code   764  stm32f1xx_hal_gpio.o(i.HAL_GPIO_Init)
    HAL_GPIO_ReadPin                         0x08000ecd   Thumb Code    16  stm32f1xx_hal_gpio.o(i.HAL_GPIO_ReadPin)
    HAL_GPIO_WritePin                        0x08000edd   Thumb Code    12  stm32f1xx_hal_gpio.o(i.HAL_GPIO_WritePin)
    HAL_GetTick                              0x08000ee9   Thumb Code     6  stm32f1xx_hal.o(i.HAL_GetTick)
    HAL_HCD_Connect_Callback                 0x08000ef5   Thumb Code    14  usbh_conf.o(i.HAL_HCD_Connect_Callback)
    HAL_HCD_Disconnect_Callback              0x08000f03   Thumb Code    14  usbh_conf.o(i.HAL_HCD_Disconnect_Callback)
    HAL_HCD_GetCurrentFrame                  0x08000f11   Thumb Code    12  stm32f1xx_hal_hcd.o(i.HAL_HCD_GetCurrentFrame)
    HAL_HCD_GetCurrentSpeed                  0x08000f1d   Thumb Code    12  stm32f1xx_hal_hcd.o(i.HAL_HCD_GetCurrentSpeed)
    HAL_HCD_HC_GetURBState                   0x08000f29   Thumb Code    20  stm32f1xx_hal_hcd.o(i.HAL_HCD_HC_GetURBState)
    HAL_HCD_HC_GetXferCount                  0x08000f3d   Thumb Code    18  stm32f1xx_hal_hcd.o(i.HAL_HCD_HC_GetXferCount)
    HAL_HCD_HC_Halt                          0x08000f4f   Thumb Code    50  stm32f1xx_hal_hcd.o(i.HAL_HCD_HC_Halt)
    HAL_HCD_HC_Init                          0x08000f81   Thumb Code   186  stm32f1xx_hal_hcd.o(i.HAL_HCD_HC_Init)
    HAL_HCD_HC_NotifyURBChange_Callback      0x0800103b   Thumb Code     2  usbh_conf.o(i.HAL_HCD_HC_NotifyURBChange_Callback)
    HAL_HCD_HC_SubmitRequest                 0x0800103d   Thumb Code   614  stm32f1xx_hal_hcd.o(i.HAL_HCD_HC_SubmitRequest)
    HAL_HCD_IRQHandler                       0x080012a3   Thumb Code   358  stm32f1xx_hal_hcd.o(i.HAL_HCD_IRQHandler)
    HAL_HCD_Init                             0x08001409   Thumb Code   102  stm32f1xx_hal_hcd.o(i.HAL_HCD_Init)
    HAL_HCD_MspInit                          0x08001471   Thumb Code    58  usbh_conf.o(i.HAL_HCD_MspInit)
    HAL_HCD_ResetPort                        0x080014b1   Thumb Code    12  stm32f1xx_hal_hcd.o(i.HAL_HCD_ResetPort)
    HAL_HCD_SOF_Callback                     0x080014bd   Thumb Code    14  usbh_conf.o(i.HAL_HCD_SOF_Callback)
    HAL_HCD_Start                            0x080014cb   Thumb Code    54  stm32f1xx_hal_hcd.o(i.HAL_HCD_Start)
    HAL_HCD_Stop                             0x08001501   Thumb Code    46  stm32f1xx_hal_hcd.o(i.HAL_HCD_Stop)
    HAL_IncTick                              0x08001531   Thumb Code    16  stm32f1xx_hal.o(i.HAL_IncTick)
    HAL_Init                                 0x08001549   Thumb Code    34  stm32f1xx_hal.o(i.HAL_Init)
    HAL_InitTick                             0x08001571   Thumb Code    64  stm32f1xx_hal.o(i.HAL_InitTick)
    HAL_MspInit                              0x080015bd   Thumb Code   172  stm32f1xx_hal_msp.o(i.HAL_MspInit)
    HAL_NVIC_EnableIRQ                       0x08001671   Thumb Code    26  stm32f1xx_hal_cortex.o(i.HAL_NVIC_EnableIRQ)
    HAL_NVIC_SetPriority                     0x0800168b   Thumb Code   124  stm32f1xx_hal_cortex.o(i.HAL_NVIC_SetPriority)
    HAL_NVIC_SetPriorityGrouping             0x08001709   Thumb Code    32  stm32f1xx_hal_cortex.o(i.HAL_NVIC_SetPriorityGrouping)
    HAL_PWR_EnableBkUpAccess                 0x08001731   Thumb Code     8  stm32f1xx_hal_pwr.o(i.HAL_PWR_EnableBkUpAccess)
    HAL_RCCEx_GetPeriphCLKFreq               0x0800173d   Thumb Code   512  stm32f1xx_hal_rcc_ex.o(i.HAL_RCCEx_GetPeriphCLKFreq)
    HAL_RCCEx_PeriphCLKConfig                0x08001969   Thumb Code   510  stm32f1xx_hal_rcc_ex.o(i.HAL_RCCEx_PeriphCLKConfig)
    HAL_RCC_ClockConfig                      0x08001b79   Thumb Code   402  stm32f1xx_hal_rcc.o(i.HAL_RCC_ClockConfig)
    HAL_RCC_GetHCLKFreq                      0x08001d1d   Thumb Code     6  stm32f1xx_hal_rcc.o(i.HAL_RCC_GetHCLKFreq)
    HAL_RCC_GetPCLK2Freq                     0x08001d29   Thumb Code    22  stm32f1xx_hal_rcc.o(i.HAL_RCC_GetPCLK2Freq)
    HAL_RCC_GetSysClockFreq                  0x08001d49   Thumb Code   248  stm32f1xx_hal_rcc.o(i.HAL_RCC_GetSysClockFreq)
    HAL_RCC_OscConfig                        0x08001e6d   Thumb Code  1342  stm32f1xx_hal_rcc.o(i.HAL_RCC_OscConfig)
    HAL_RTC_Init                             0x080023b5   Thumb Code   202  stm32f1xx_hal_rtc.o(i.HAL_RTC_Init)
    HAL_RTC_MspInit                          0x08002485   Thumb Code    52  stm32f1xx_hal_msp.o(i.HAL_RTC_MspInit)
    HAL_RTC_WaitForSynchro                   0x080024c5   Thumb Code    64  stm32f1xx_hal_rtc.o(i.HAL_RTC_WaitForSynchro)
    HAL_SYSTICK_CLKSourceConfig              0x08002505   Thumb Code    40  stm32f1xx_hal_cortex.o(i.HAL_SYSTICK_CLKSourceConfig)
    HAL_SYSTICK_Callback                     0x0800252d   Thumb Code     2  stm32f1xx_hal_cortex.o(i.HAL_SYSTICK_Callback)
    HAL_SYSTICK_Config                       0x0800252f   Thumb Code    52  stm32f1xx_hal_cortex.o(i.HAL_SYSTICK_Config)
    HAL_SYSTICK_IRQHandler                   0x08002563   Thumb Code     8  stm32f1xx_hal_cortex.o(i.HAL_SYSTICK_IRQHandler)
    HardFault_Handler                        0x080030e5   Thumb Code     4  stm32f1xx_it.o(i.HardFault_Handler)
    MX_FATFS_Init                            0x080030e9   Thumb Code    16  fatfs.o(i.MX_FATFS_Init)
    MX_USB_HOST_Init                         0x08003259   Thumb Code    28  usb_host.o(i.MX_USB_HOST_Init)
    MX_USB_HOST_Process                      0x08003281   Thumb Code    10  usb_host.o(i.MX_USB_HOST_Process)
    MemManage_Handler                        0x08003291   Thumb Code     4  stm32f1xx_it.o(i.MemManage_Handler)
    NMI_Handler                              0x08003295   Thumb Code     2  stm32f1xx_it.o(i.NMI_Handler)
    OTG_FS_IRQHandler                        0x080032d1   Thumb Code    10  stm32f1xx_it.o(i.OTG_FS_IRQHandler)
    PendSV_Handler                           0x080032e1   Thumb Code     2  stm32f1xx_it.o(i.PendSV_Handler)
    SVC_Handler                              0x08003381   Thumb Code     2  stm32f1xx_it.o(i.SVC_Handler)
    SysTick_Handler                          0x08003383   Thumb Code    12  stm32f1xx_it.o(i.SysTick_Handler)
    SystemClock_Config                       0x08003391   Thumb Code   176  main.o(i.SystemClock_Config)
    SystemInit                               0x08003455   Thumb Code    84  system_stm32f1xx_1.o(i.SystemInit)
    USBH_AllocPipe                           0x080034b9   Thumb Code    38  usbh_pipes.o(i.USBH_AllocPipe)
    USBH_BulkReceiveData                     0x080034df   Thumb Code    42  usbh_ioreq.o(i.USBH_BulkReceiveData)
    USBH_BulkSendData                        0x08003509   Thumb Code    52  usbh_ioreq.o(i.USBH_BulkSendData)
    USBH_ClosePipe                           0x0800353d   Thumb Code    18  usbh_pipes.o(i.USBH_ClosePipe)
    USBH_ClrFeature                          0x0800354f   Thumb Code    40  usbh_ctlreq.o(i.USBH_ClrFeature)
    USBH_CtlReceiveData                      0x08003577   Thumb Code    42  usbh_ioreq.o(i.USBH_CtlReceiveData)
    USBH_CtlReq                              0x080035a1   Thumb Code    84  usbh_ctlreq.o(i.USBH_CtlReq)
    USBH_CtlSendData                         0x080035f5   Thumb Code    52  usbh_ioreq.o(i.USBH_CtlSendData)
    USBH_CtlSendSetup                        0x08003629   Thumb Code    38  usbh_ioreq.o(i.USBH_CtlSendSetup)
    USBH_Delay                               0x0800364f   Thumb Code    12  usbh_conf.o(i.USBH_Delay)
    USBH_FindInterface                       0x0800365b   Thumb Code    80  usbh_core.o(i.USBH_FindInterface)
    USBH_FreePipe                            0x080036ab   Thumb Code    30  usbh_pipes.o(i.USBH_FreePipe)
    USBH_GetDescriptor                       0x080036c9   Thumb Code    74  usbh_ctlreq.o(i.USBH_GetDescriptor)
    USBH_GetNextDesc                         0x0800373b   Thumb Code    18  usbh_ctlreq.o(i.USBH_GetNextDesc)
    USBH_Get_CfgDesc                         0x0800374d   Thumb Code    46  usbh_ctlreq.o(i.USBH_Get_CfgDesc)
    USBH_Get_DevDesc                         0x0800377b   Thumb Code    46  usbh_ctlreq.o(i.USBH_Get_DevDesc)
    USBH_Get_StringDesc                      0x080037a9   Thumb Code    54  usbh_ctlreq.o(i.USBH_Get_StringDesc)
    USBH_Init                                0x08003b13   Thumb Code    50  usbh_core.o(i.USBH_Init)
    USBH_LL_ClosePipe                        0x08003b45   Thumb Code    68  usbh_conf.o(i.USBH_LL_ClosePipe)
    USBH_LL_Connect                          0x08003b89   Thumb Code    46  usbh_core.o(i.USBH_LL_Connect)
    USBH_LL_Disconnect                       0x08003bb7   Thumb Code    62  usbh_core.o(i.USBH_LL_Disconnect)
    USBH_LL_DriverVBUS                       0x08003bf5   Thumb Code    26  usbh_conf.o(i.USBH_LL_DriverVBUS)
    USBH_LL_GetLastXferSize                  0x08003c0f   Thumb Code    18  usbh_conf.o(i.USBH_LL_GetLastXferSize)
    USBH_LL_GetSpeed                         0x08003c21   Thumb Code    48  usbh_conf.o(i.USBH_LL_GetSpeed)
    USBH_LL_GetToggle                        0x08003c51   Thumb Code    58  usbh_conf.o(i.USBH_LL_GetToggle)
    USBH_LL_GetURBState                      0x08003c8b   Thumb Code    18  usbh_conf.o(i.USBH_LL_GetURBState)
    USBH_LL_IncTimer                         0x08003c9d   Thumb Code    22  usbh_core.o(i.USBH_LL_IncTimer)
    USBH_LL_Init                             0x08003cb5   Thumb Code    78  usbh_conf.o(i.USBH_LL_Init)
    USBH_LL_OpenPipe                         0x08003d1d   Thumb Code   114  usbh_conf.o(i.USBH_LL_OpenPipe)
    USBH_LL_ResetPort                        0x08003d8f   Thumb Code    60  usbh_conf.o(i.USBH_LL_ResetPort)
    USBH_LL_SetTimer                         0x08003dcb   Thumb Code     6  usbh_core.o(i.USBH_LL_SetTimer)
    USBH_LL_SetToggle                        0x08003dd1   Thumb Code    58  usbh_conf.o(i.USBH_LL_SetToggle)
    USBH_LL_Start                            0x08003e0b   Thumb Code    60  usbh_conf.o(i.USBH_LL_Start)
    USBH_LL_Stop                             0x08003e47   Thumb Code    60  usbh_conf.o(i.USBH_LL_Stop)
    USBH_LL_SubmitURB                        0x08003e83   Thumb Code   118  usbh_conf.o(i.USBH_LL_SubmitURB)
    USBH_MSC_BOT_Init                        0x08003f35   Thumb Code    30  usbh_msc_bot.o(i.USBH_MSC_BOT_Init)
    USBH_MSC_BOT_Process                     0x08003f5d   Thumb Code   622  usbh_msc_bot.o(i.USBH_MSC_BOT_Process)
    USBH_MSC_BOT_REQ_GetMaxLUN               0x080041cb   Thumb Code    36  usbh_msc_bot.o(i.USBH_MSC_BOT_REQ_GetMaxLUN)
    USBH_MSC_BOT_REQ_Reset                   0x080041ef   Thumb Code    32  usbh_msc_bot.o(i.USBH_MSC_BOT_REQ_Reset)
    USBH_MSC_GetLUNInfo                      0x080042f5   Thumb Code    56  usbh_msc.o(i.USBH_MSC_GetLUNInfo)
    USBH_MSC_Read                            0x08004b11   Thumb Code   156  usbh_msc.o(i.USBH_MSC_Read)
    USBH_MSC_SCSI_Inquiry                    0x08004bad   Thumb Code   242  usbh_msc_scsi.o(i.USBH_MSC_SCSI_Inquiry)
    USBH_MSC_SCSI_Read                       0x08004c9f   Thumb Code   162  usbh_msc_scsi.o(i.USBH_MSC_SCSI_Read)
    USBH_MSC_SCSI_ReadCapacity               0x08004d41   Thumb Code   168  usbh_msc_scsi.o(i.USBH_MSC_SCSI_ReadCapacity)
    USBH_MSC_SCSI_RequestSense               0x08004de9   Thumb Code   178  usbh_msc_scsi.o(i.USBH_MSC_SCSI_RequestSense)
    USBH_MSC_SCSI_TestUnitReady              0x08004e9b   Thumb Code    98  usbh_msc_scsi.o(i.USBH_MSC_SCSI_TestUnitReady)
    USBH_MSC_SCSI_Write                      0x08004efd   Thumb Code   162  usbh_msc_scsi.o(i.USBH_MSC_SCSI_Write)
    USBH_MSC_UnitIsReady                     0x08004fa5   Thumb Code    48  usbh_msc.o(i.USBH_MSC_UnitIsReady)
    USBH_MSC_Write                           0x08004fd5   Thumb Code   156  usbh_msc.o(i.USBH_MSC_Write)
    USBH_OpenPipe                            0x08005071   Thumb Code    42  usbh_pipes.o(i.USBH_OpenPipe)
    USBH_Process                             0x08005249   Thumb Code   428  usbh_core.o(i.USBH_Process)
    USBH_RegisterClass                       0x080053f5   Thumb Code    42  usbh_core.o(i.USBH_RegisterClass)
    USBH_SelectInterface                     0x0800541f   Thumb Code    22  usbh_core.o(i.USBH_SelectInterface)
    USBH_SetAddress                          0x08005435   Thumb Code    40  usbh_ctlreq.o(i.USBH_SetAddress)
    USBH_SetCfg                              0x0800545d   Thumb Code    40  usbh_ctlreq.o(i.USBH_SetCfg)
    USBH_Start                               0x08005485   Thumb Code    22  usbh_core.o(i.USBH_Start)
    USBH_initialize                          0x080054d5   Thumb Code     6  usbh_diskio.o(i.USBH_initialize)
    USBH_ioctl                               0x080054dd   Thumb Code   120  usbh_diskio.o(i.USBH_ioctl)
    USBH_read                                0x08005559   Thumb Code   114  usbh_diskio.o(i.USBH_read)
    USBH_status                              0x080055d1   Thumb Code    26  usbh_diskio.o(i.USBH_status)
    USBH_write                               0x080055f1   Thumb Code   124  usbh_diskio.o(i.USBH_write)
    USB_CoreInit                             0x08005671   Thumb Code    28  stm32f1xx_ll_usb.o(i.USB_CoreInit)
    USB_DisableGlobalInt                     0x080056d9   Thumb Code    14  stm32f1xx_ll_usb.o(i.USB_DisableGlobalInt)
    USB_DriveVbus                            0x080056e7   Thumb Code    72  stm32f1xx_ll_usb.o(i.USB_DriveVbus)
    USB_EnableGlobalInt                      0x0800572f   Thumb Code    14  stm32f1xx_ll_usb.o(i.USB_EnableGlobalInt)
    USB_FlushRxFifo                          0x0800573d   Thumb Code    38  stm32f1xx_ll_usb.o(i.USB_FlushRxFifo)
    USB_FlushTxFifo                          0x08005769   Thumb Code    44  stm32f1xx_ll_usb.o(i.USB_FlushTxFifo)
    USB_GetCurrentFrame                      0x08005799   Thumb Code    12  stm32f1xx_ll_usb.o(i.USB_GetCurrentFrame)
    USB_GetHostSpeed                         0x080057a5   Thumb Code    22  stm32f1xx_ll_usb.o(i.USB_GetHostSpeed)
    USB_GetMode                              0x080057bb   Thumb Code    10  stm32f1xx_ll_usb.o(i.USB_GetMode)
    USB_HC_Halt                              0x080057c5   Thumb Code   378  stm32f1xx_ll_usb.o(i.USB_HC_Halt)
    USB_HC_Init                              0x0800593f   Thumb Code   358  stm32f1xx_ll_usb.o(i.USB_HC_Init)
    USB_HC_ReadInterrupt                     0x08005aa5   Thumb Code    12  stm32f1xx_ll_usb.o(i.USB_HC_ReadInterrupt)
    USB_HC_StartXfer                         0x08005ab1   Thumb Code   298  stm32f1xx_ll_usb.o(i.USB_HC_StartXfer)
    USB_HostInit                             0x08005be1   Thumb Code   186  stm32f1xx_ll_usb.o(i.USB_HostInit)
    USB_InitFSLSPClkSel                      0x08005ca9   Thumb Code    62  stm32f1xx_ll_usb.o(i.USB_InitFSLSPClkSel)
    USB_ReadInterrupts                       0x08005ce7   Thumb Code    12  stm32f1xx_ll_usb.o(i.USB_ReadInterrupts)
    USB_ReadPacket                           0x08005cf3   Thumb Code    40  stm32f1xx_ll_usb.o(i.USB_ReadPacket)
    USB_ResetPort                            0x08005d1b   Thumb Code    52  stm32f1xx_ll_usb.o(i.USB_ResetPort)
    USB_SetCurrentMode                       0x08005d4f   Thumb Code    48  stm32f1xx_ll_usb.o(i.USB_SetCurrentMode)
    USB_StopHost                             0x08005d7f   Thumb Code   176  stm32f1xx_ll_usb.o(i.USB_StopHost)
    USB_WritePacket                          0x08005e2f   Thumb Code    46  stm32f1xx_ll_usb.o(i.USB_WritePacket)
    UsageFault_Handler                       0x08005e5d   Thumb Code     4  stm32f1xx_it.o(i.UsageFault_Handler)
    _Error_Handler                           0x08005e61   Thumb Code     4  main.o(i._Error_Handler)
    clust2sect                               0x08006009   Thumb Code    32  ff.o(i.clust2sect)
    disk_initialize                          0x080068f5   Thumb Code    40  diskio.o(i.disk_initialize)
    disk_ioctl                               0x08006921   Thumb Code    36  diskio.o(i.disk_ioctl)
    disk_read                                0x08006949   Thumb Code    42  diskio.o(i.disk_read)
    disk_status                              0x08006979   Thumb Code    24  diskio.o(i.disk_status)
    disk_write                               0x08006995   Thumb Code    42  diskio.o(i.disk_write)
    f_close                                  0x080069ed   Thumb Code    46  ff.o(i.f_close)
    f_lseek                                  0x08006a1b   Thumb Code   834  ff.o(i.f_lseek)
    f_mount                                  0x08006d5d   Thumb Code    96  ff.o(i.f_mount)
    f_open                                   0x08006dc1   Thumb Code   484  ff.o(i.f_open)
    f_read                                   0x08006fa5   Thumb Code   516  ff.o(i.f_read)
    f_sync                                   0x080071a9   Thumb Code   202  ff.o(i.f_sync)
    ff_convert                               0x08007275   Thumb Code    70  ccsbcs.o(i.ff_convert)
    ff_wtoupper                              0x080072c1   Thumb Code    46  ccsbcs.o(i.ff_wtoupper)
    get_fat                                  0x080078bd   Thumb Code   238  ff.o(i.get_fat)
    get_fattime                              0x080079ab   Thumb Code     4  fatfs.o(i.get_fattime)
    get_pcb_version                          0x080079f9   Thumb Code    58  system.o(i.get_pcb_version)
    main                                     0x08007ba9   Thumb Code   120  main.o(i.main)
    put_fat                                  0x08007d4d   Thumb Code   326  ff.o(i.put_fat)
    usb_upgrade_proc                         0x08008189   Thumb Code   144  usb_dfu.o(i.usb_upgrade_proc)
    AHBPrescTable                            0x08008314   Data          16  system_stm32f1xx_1.o(.constdata)
    APBPrescTable                            0x08008324   Data           8  system_stm32f1xx_1.o(.constdata)
    USBH_Driver                              0x080087ec   Data          20  usbh_diskio.o(.constdata)
    Region$$Table$$Base                      0x080088f0   Number         0  anon$$obj.o(Region$$Table)
    Region$$Table$$Limit                     0x08008910   Number         0  anon$$obj.o(Region$$Table)
    retUSBH                                  0x20000004   Data           1  fatfs.o(.data)
    USBHPath                                 0x20000005   Data           4  fatfs.o(.data)
    Appli_state                              0x20000009   Data           1  usb_host.o(.data)
    uwTick                                   0x20000020   Data           4  stm32f1xx_hal.o(.data)
    uwTickPrio                               0x20000024   Data           4  stm32f1xx_hal.o(.data)
    uwTickFreq                               0x20000028   Data           1  stm32f1xx_hal.o(.data)
    SystemCoreClock                          0x2000002c   Data           4  system_stm32f1xx_1.o(.data)
    USBH_msc                                 0x20000038   Data          32  usbh_msc.o(.data)
    hrtc                                     0x20000058   Data          20  main.o(.bss)
    hUsbHostFS                               0x2000029c   Data         968  usb_host.o(.bss)
    hhcd_USB_OTG_FS                          0x20000664   Data         644  usbh_conf.o(.bss)
    pFlash                                   0x200013e0   Data          32  stm32f1xx_hal_flash.o(.bss)
    disk                                     0x20001418   Data          12  ff_gen_drv.o(.bss)
    __libspace_start                         0x20001424   Data          96  libspace.o(.bss)
    __temporary_stack_top$libspace           0x20001484   Data           0  libspace.o(.bss)



==============================================================================

Memory Map of the image

  Image Entry point : 0x08000151

  Load Region LR_IROM1 (Base: 0x08000000, Size: 0x00008968, Max: 0x0000a000, ABSOLUTE)

    Execution Region ER_IROM1 (Base: 0x08000000, Size: 0x00008910, Max: 0x0000a000, ABSOLUTE)

    Base Addr    Size         Type   Attr      Idx    E Section Name        Object

    0x08000000   0x00000150   Data   RO            3    RESET               startup_stm32f107xc.o
    0x08000150   0x00000008   Code   RO         3731  * !!!main             c_w.l(__main.o)
    0x08000158   0x00000034   Code   RO         3941    !!!scatter          c_w.l(__scatter.o)
    0x0800018c   0x0000001a   Code   RO         3943    !!handler_copy      c_w.l(__scatter_copy.o)
    0x080001a6   0x00000002   PAD
    0x080001a8   0x0000001c   Code   RO         3945    !!handler_zi        c_w.l(__scatter_zi.o)
    0x080001c4   0x00000002   Code   RO         3881    .ARM.Collect$$libinit$$00000000  c_w.l(libinit.o)
    0x080001c6   0x00000000   Code   RO         3768    .ARM.Collect$$libinit$$00000002  c_w.l(libinit2.o)
    0x080001c6   0x00000000   Code   RO         3770    .ARM.Collect$$libinit$$00000004  c_w.l(libinit2.o)
    0x080001c6   0x00000008   Code   RO         3771    .ARM.Collect$$libinit$$00000005  c_w.l(libinit2.o)
    0x080001ce   0x00000000   Code   RO         3773    .ARM.Collect$$libinit$$0000000A  c_w.l(libinit2.o)
    0x080001ce   0x00000000   Code   RO         3775    .ARM.Collect$$libinit$$0000000C  c_w.l(libinit2.o)
    0x080001ce   0x00000000   Code   RO         3777    .ARM.Collect$$libinit$$0000000E  c_w.l(libinit2.o)
    0x080001ce   0x00000000   Code   RO         3780    .ARM.Collect$$libinit$$00000011  c_w.l(libinit2.o)
    0x080001ce   0x00000000   Code   RO         3782    .ARM.Collect$$libinit$$00000013  c_w.l(libinit2.o)
    0x080001ce   0x00000000   Code   RO         3784    .ARM.Collect$$libinit$$00000015  c_w.l(libinit2.o)
    0x080001ce   0x00000000   Code   RO         3786    .ARM.Collect$$libinit$$00000017  c_w.l(libinit2.o)
    0x080001ce   0x00000000   Code   RO         3788    .ARM.Collect$$libinit$$00000019  c_w.l(libinit2.o)
    0x080001ce   0x00000000   Code   RO         3790    .ARM.Collect$$libinit$$0000001B  c_w.l(libinit2.o)
    0x080001ce   0x00000000   Code   RO         3792    .ARM.Collect$$libinit$$0000001D  c_w.l(libinit2.o)
    0x080001ce   0x00000000   Code   RO         3794    .ARM.Collect$$libinit$$0000001F  c_w.l(libinit2.o)
    0x080001ce   0x00000000   Code   RO         3796    .ARM.Collect$$libinit$$00000021  c_w.l(libinit2.o)
    0x080001ce   0x00000000   Code   RO         3798    .ARM.Collect$$libinit$$00000023  c_w.l(libinit2.o)
    0x080001ce   0x00000000   Code   RO         3800    .ARM.Collect$$libinit$$00000025  c_w.l(libinit2.o)
    0x080001ce   0x00000000   Code   RO         3804    .ARM.Collect$$libinit$$0000002C  c_w.l(libinit2.o)
    0x080001ce   0x00000000   Code   RO         3806    .ARM.Collect$$libinit$$0000002E  c_w.l(libinit2.o)
    0x080001ce   0x00000000   Code   RO         3808    .ARM.Collect$$libinit$$00000030  c_w.l(libinit2.o)
    0x080001ce   0x00000000   Code   RO         3810    .ARM.Collect$$libinit$$00000032  c_w.l(libinit2.o)
    0x080001ce   0x00000002   Code   RO         3811    .ARM.Collect$$libinit$$00000033  c_w.l(libinit2.o)
    0x080001d0   0x00000002   Code   RO         3938    .ARM.Collect$$libshutdown$$00000000  c_w.l(libshutdown.o)
    0x080001d2   0x00000000   Code   RO         3898    .ARM.Collect$$libshutdown$$00000003  c_w.l(libshutdown2.o)
    0x080001d2   0x00000000   Code   RO         3901    .ARM.Collect$$libshutdown$$00000006  c_w.l(libshutdown2.o)
    0x080001d2   0x00000000   Code   RO         3904    .ARM.Collect$$libshutdown$$00000009  c_w.l(libshutdown2.o)
    0x080001d2   0x00000000   Code   RO         3906    .ARM.Collect$$libshutdown$$0000000B  c_w.l(libshutdown2.o)
    0x080001d2   0x00000000   Code   RO         3909    .ARM.Collect$$libshutdown$$0000000E  c_w.l(libshutdown2.o)
    0x080001d2   0x00000002   Code   RO         3910    .ARM.Collect$$libshutdown$$0000000F  c_w.l(libshutdown2.o)
    0x080001d4   0x00000000   Code   RO         3735    .ARM.Collect$$rtentry$$00000000  c_w.l(__rtentry.o)
    0x080001d4   0x00000000   Code   RO         3818    .ARM.Collect$$rtentry$$00000002  c_w.l(__rtentry2.o)
    0x080001d4   0x00000006   Code   RO         3830    .ARM.Collect$$rtentry$$00000004  c_w.l(__rtentry4.o)
    0x080001da   0x00000000   Code   RO         3820    .ARM.Collect$$rtentry$$00000009  c_w.l(__rtentry2.o)
    0x080001da   0x00000004   Code   RO         3821    .ARM.Collect$$rtentry$$0000000A  c_w.l(__rtentry2.o)
    0x080001de   0x00000000   Code   RO         3823    .ARM.Collect$$rtentry$$0000000C  c_w.l(__rtentry2.o)
    0x080001de   0x00000008   Code   RO         3824    .ARM.Collect$$rtentry$$0000000D  c_w.l(__rtentry2.o)
    0x080001e6   0x00000002   Code   RO         3884    .ARM.Collect$$rtexit$$00000000  c_w.l(rtexit.o)
    0x080001e8   0x00000000   Code   RO         3914    .ARM.Collect$$rtexit$$00000002  c_w.l(rtexit2.o)
    0x080001e8   0x00000004   Code   RO         3915    .ARM.Collect$$rtexit$$00000003  c_w.l(rtexit2.o)
    0x080001ec   0x00000006   Code   RO         3916    .ARM.Collect$$rtexit$$00000004  c_w.l(rtexit2.o)
    0x080001f2   0x00000002   PAD
    0x080001f4   0x00000000   Code   RO         3836    .emb_text           c_w.l(maybetermalloc1.o)
    0x080001f4   0x00000040   Code   RO            4    .text               startup_stm32f107xc.o
    0x08000234   0x0000005e   Code   RO         3657    .text               c_w.l(h1_alloc.o)
    0x08000292   0x0000004e   Code   RO         3659    .text               c_w.l(h1_free.o)
    0x080002e0   0x000000ee   Code   RO         3715    .text               c_w.l(lludivv7m.o)
    0x080003ce   0x00000026   Code   RO         3717    .text               c_w.l(llushr.o)
    0x080003f4   0x00000058   Code   RO         3719    .text               c_w.l(memcmp.o)
    0x0800044c   0x0000008a   Code   RO         3721    .text               c_w.l(rt_memcpy_v6.o)
    0x080004d6   0x00000064   Code   RO         3723    .text               c_w.l(rt_memcpy_w.o)
    0x0800053a   0x00000044   Code   RO         3725    .text               c_w.l(rt_memclr.o)
    0x0800057e   0x0000004e   Code   RO         3727    .text               c_w.l(rt_memclr_w.o)
    0x080005cc   0x00000006   Code   RO         3729    .text               c_w.l(heapauxi.o)
    0x080005d2   0x00000002   PAD
    0x080005d4   0x00000008   Code   RO         3743    .text               c_w.l(rt_heap_descriptor_intlibspace.o)
    0x080005dc   0x00000004   Code   RO         3745    .text               c_w.l(hguard.o)
    0x080005e0   0x0000008a   Code   RO         3747    .text               c_w.l(init_alloc.o)
    0x0800066a   0x0000000e   Code   RO         3751    .text               c_w.l(h1_init.o)
    0x08000678   0x00000008   Code   RO         3814    .text               c_w.l(libspace.o)
    0x08000680   0x00000034   Code   RO         3838    .text               c_w.l(h1_extend.o)
    0x080006b4   0x0000000e   Code   RO         3842    .text               c_w.l(defsig_rtmem_outer.o)
    0x080006c2   0x00000002   Code   RO         3853    .text               c_w.l(use_no_semi.o)
    0x080006c4   0x00000000   Code   RO         3855    .text               c_w.l(indicate_semi.o)
    0x080006c4   0x0000004a   Code   RO         3856    .text               c_w.l(sys_stackheap_outer.o)
    0x0800070e   0x0000000c   Code   RO         3862    .text               c_w.l(exit.o)
    0x0800071a   0x0000000a   Code   RO         3864    .text               c_w.l(defsig_exit.o)
    0x08000724   0x00000050   Code   RO         3870    .text               c_w.l(defsig_rtmem_inner.o)
    0x08000774   0x0000000c   Code   RO         3882    .text               c_w.l(sys_exit.o)
    0x08000780   0x00000032   Code   RO         3892    .text               c_w.l(defsig_general.o)
    0x080007b2   0x0000000e   Code   RO         3911    .text               c_w.l(sys_wrch.o)
    0x080007c0   0x00000004   Code   RO          470    i.BusFault_Handler  stm32f1xx_it.o
    0x080007c4   0x00000052   Code   RO         3107    i.DeInitStateMachine  usbh_core.o
    0x08000816   0x00000002   Code   RO          471    i.DebugMon_Handler  stm32f1xx_it.o
    0x08000818   0x00000012   Code   RO         3057    i.FATFS_LinkDriver  ff_gen_drv.o
    0x0800082a   0x00000002   PAD
    0x0800082c   0x00000054   Code   RO         3058    i.FATFS_LinkDriverEx  ff_gen_drv.o
    0x08000880   0x00000028   Code   RO         2360    i.FLASH_MassErase   stm32f1xx_hal_flash_ex_1.o
    0x080008a8   0x00000028   Code   RO         2369    i.FLASH_PageErase   stm32f1xx_hal_flash_ex_1.o
    0x080008d0   0x00000020   Code   RO         2257    i.FLASH_Program_HalfWord  stm32f1xx_hal_flash.o
    0x080008f0   0x00000084   Code   RO         2258    i.FLASH_SetErrorCode  stm32f1xx_hal_flash.o
    0x08000974   0x00000070   Code   RO         2259    i.FLASH_WaitForLastOperation  stm32f1xx_hal_flash.o
    0x080009e4   0x00000028   Code   RO         1530    i.HAL_Delay         stm32f1xx_hal.o
    0x08000a0c   0x000000b0   Code   RO         2370    i.HAL_FLASHEx_Erase  stm32f1xx_hal_flash_ex_1.o
    0x08000abc   0x00000014   Code   RO         2263    i.HAL_FLASH_Lock    stm32f1xx_hal_flash.o
    0x08000ad0   0x000000b0   Code   RO         2268    i.HAL_FLASH_Program  stm32f1xx_hal_flash.o
    0x08000b80   0x00000030   Code   RO         2270    i.HAL_FLASH_Unlock  stm32f1xx_hal_flash.o
    0x08000bb0   0x0000031c   Code   RO         1852    i.HAL_GPIO_Init     stm32f1xx_hal_gpio.o
    0x08000ecc   0x00000010   Code   RO         1854    i.HAL_GPIO_ReadPin  stm32f1xx_hal_gpio.o
    0x08000edc   0x0000000c   Code   RO         1856    i.HAL_GPIO_WritePin  stm32f1xx_hal_gpio.o
    0x08000ee8   0x0000000c   Code   RO         1534    i.HAL_GetTick       stm32f1xx_hal.o
    0x08000ef4   0x0000000e   Code   RO          323    i.HAL_HCD_Connect_Callback  usbh_conf.o
    0x08000f02   0x0000000e   Code   RO          324    i.HAL_HCD_Disconnect_Callback  usbh_conf.o
    0x08000f10   0x0000000c   Code   RO          762    i.HAL_HCD_GetCurrentFrame  stm32f1xx_hal_hcd.o
    0x08000f1c   0x0000000c   Code   RO          763    i.HAL_HCD_GetCurrentSpeed  stm32f1xx_hal_hcd.o
    0x08000f28   0x00000014   Code   RO          766    i.HAL_HCD_HC_GetURBState  stm32f1xx_hal_hcd.o
    0x08000f3c   0x00000012   Code   RO          767    i.HAL_HCD_HC_GetXferCount  stm32f1xx_hal_hcd.o
    0x08000f4e   0x00000032   Code   RO          768    i.HAL_HCD_HC_Halt   stm32f1xx_hal_hcd.o
    0x08000f80   0x000000ba   Code   RO          769    i.HAL_HCD_HC_Init   stm32f1xx_hal_hcd.o
    0x0800103a   0x00000002   Code   RO          325    i.HAL_HCD_HC_NotifyURBChange_Callback  usbh_conf.o
    0x0800103c   0x00000266   Code   RO          771    i.HAL_HCD_HC_SubmitRequest  stm32f1xx_hal_hcd.o
    0x080012a2   0x00000166   Code   RO          772    i.HAL_HCD_IRQHandler  stm32f1xx_hal_hcd.o
    0x08001408   0x00000066   Code   RO          773    i.HAL_HCD_Init      stm32f1xx_hal_hcd.o
    0x0800146e   0x00000002   PAD
    0x08001470   0x00000040   Code   RO          327    i.HAL_HCD_MspInit   usbh_conf.o
    0x080014b0   0x0000000c   Code   RO          776    i.HAL_HCD_ResetPort  stm32f1xx_hal_hcd.o
    0x080014bc   0x0000000e   Code   RO          328    i.HAL_HCD_SOF_Callback  usbh_conf.o
    0x080014ca   0x00000036   Code   RO          778    i.HAL_HCD_Start     stm32f1xx_hal_hcd.o
    0x08001500   0x0000002e   Code   RO          779    i.HAL_HCD_Stop      stm32f1xx_hal_hcd.o
    0x0800152e   0x00000002   PAD
    0x08001530   0x00000018   Code   RO         1538    i.HAL_IncTick       stm32f1xx_hal.o
    0x08001548   0x00000028   Code   RO         1539    i.HAL_Init          stm32f1xx_hal.o
    0x08001570   0x0000004c   Code   RO         1540    i.HAL_InitTick      stm32f1xx_hal.o
    0x080015bc   0x000000b4   Code   RO          552    i.HAL_MspInit       stm32f1xx_hal_msp.o
    0x08001670   0x0000001a   Code   RO         2012    i.HAL_NVIC_EnableIRQ  stm32f1xx_hal_cortex.o
    0x0800168a   0x0000007c   Code   RO         2018    i.HAL_NVIC_SetPriority  stm32f1xx_hal_cortex.o
    0x08001706   0x00000002   PAD
    0x08001708   0x00000028   Code   RO         2019    i.HAL_NVIC_SetPriorityGrouping  stm32f1xx_hal_cortex.o
    0x08001730   0x0000000c   Code   RO         2139    i.HAL_PWR_EnableBkUpAccess  stm32f1xx_hal_pwr.o
    0x0800173c   0x0000022c   Code   RO         1794    i.HAL_RCCEx_GetPeriphCLKFreq  stm32f1xx_hal_rcc_ex.o
    0x08001968   0x00000210   Code   RO         1795    i.HAL_RCCEx_PeriphCLKConfig  stm32f1xx_hal_rcc_ex.o
    0x08001b78   0x000001a4   Code   RO         1683    i.HAL_RCC_ClockConfig  stm32f1xx_hal_rcc.o
    0x08001d1c   0x0000000c   Code   RO         1688    i.HAL_RCC_GetHCLKFreq  stm32f1xx_hal_rcc.o
    0x08001d28   0x00000020   Code   RO         1691    i.HAL_RCC_GetPCLK2Freq  stm32f1xx_hal_rcc.o
    0x08001d48   0x00000124   Code   RO         1692    i.HAL_RCC_GetSysClockFreq  stm32f1xx_hal_rcc.o
    0x08001e6c   0x00000548   Code   RO         1695    i.HAL_RCC_OscConfig  stm32f1xx_hal_rcc.o
    0x080023b4   0x000000d0   Code   RO         1218    i.HAL_RTC_Init      stm32f1xx_hal_rtc.o
    0x08002484   0x00000040   Code   RO          554    i.HAL_RTC_MspInit   stm32f1xx_hal_msp.o
    0x080024c4   0x00000040   Code   RO         1226    i.HAL_RTC_WaitForSynchro  stm32f1xx_hal_rtc.o
    0x08002504   0x00000028   Code   RO         2021    i.HAL_SYSTICK_CLKSourceConfig  stm32f1xx_hal_cortex.o
    0x0800252c   0x00000002   Code   RO         2022    i.HAL_SYSTICK_Callback  stm32f1xx_hal_cortex.o
    0x0800252e   0x00000034   Code   RO         2023    i.HAL_SYSTICK_Config  stm32f1xx_hal_cortex.o
    0x08002562   0x00000008   Code   RO         2024    i.HAL_SYSTICK_IRQHandler  stm32f1xx_hal_cortex.o
    0x0800256a   0x000004c0   Code   RO          780    i.HCD_HC_IN_IRQHandler  stm32f1xx_hal_hcd.o
    0x08002a2a   0x000004f0   Code   RO          781    i.HCD_HC_OUT_IRQHandler  stm32f1xx_hal_hcd.o
    0x08002f1a   0x000000c0   Code   RO          782    i.HCD_Port_IRQHandler  stm32f1xx_hal_hcd.o
    0x08002fda   0x00000002   PAD
    0x08002fdc   0x00000108   Code   RO          783    i.HCD_RXQLVL_IRQHandler  stm32f1xx_hal_hcd.o
    0x080030e4   0x00000004   Code   RO          472    i.HardFault_Handler  stm32f1xx_it.o
    0x080030e8   0x0000001c   Code   RO          247    i.MX_FATFS_Init     fatfs.o
    0x08003104   0x00000114   Code   RO          122    i.MX_GPIO_Init      main.o
    0x08003218   0x00000040   Code   RO          123    i.MX_RTC_Init       main.o
    0x08003258   0x00000028   Code   RO          284    i.MX_USB_HOST_Init  usb_host.o
    0x08003280   0x00000010   Code   RO          285    i.MX_USB_HOST_Process  usb_host.o
    0x08003290   0x00000004   Code   RO          473    i.MemManage_Handler  stm32f1xx_it.o
    0x08003294   0x00000002   Code   RO          474    i.NMI_Handler       stm32f1xx_it.o
    0x08003296   0x00000002   PAD
    0x08003298   0x00000010   Code   RO         2025    i.NVIC_GetPriorityGrouping  stm32f1xx_hal_cortex.o
    0x080032a8   0x00000028   Code   RO         2026    i.NVIC_SetPriority  stm32f1xx_hal_cortex.o
    0x080032d0   0x00000010   Code   RO          475    i.OTG_FS_IRQHandler  stm32f1xx_it.o
    0x080032e0   0x00000002   Code   RO          476    i.PendSV_Handler    stm32f1xx_it.o
    0x080032e2   0x00000002   PAD
    0x080032e4   0x00000028   Code   RO         1696    i.RCC_Delay         stm32f1xx_hal_rcc.o
    0x0800330c   0x0000003a   Code   RO         1230    i.RTC_EnterInitMode  stm32f1xx_hal_rtc.o
    0x08003346   0x0000003a   Code   RO         1231    i.RTC_ExitInitMode  stm32f1xx_hal_rtc.o
    0x08003380   0x00000002   Code   RO          477    i.SVC_Handler       stm32f1xx_it.o
    0x08003382   0x0000000c   Code   RO          478    i.SysTick_Handler   stm32f1xx_it.o
    0x0800338e   0x00000002   PAD
    0x08003390   0x000000c4   Code   RO          124    i.SystemClock_Config  main.o
    0x08003454   0x00000064   Code   RO         2467    i.SystemInit        system_stm32f1xx_1.o
    0x080034b8   0x00000026   Code   RO         3410    i.USBH_AllocPipe    usbh_pipes.o
    0x080034de   0x0000002a   Code   RO         3338    i.USBH_BulkReceiveData  usbh_ioreq.o
    0x08003508   0x00000034   Code   RO         3339    i.USBH_BulkSendData  usbh_ioreq.o
    0x0800353c   0x00000012   Code   RO         3411    i.USBH_ClosePipe    usbh_pipes.o
    0x0800354e   0x00000028   Code   RO         3230    i.USBH_ClrFeature   usbh_ctlreq.o
    0x08003576   0x0000002a   Code   RO         3340    i.USBH_CtlReceiveData  usbh_ioreq.o
    0x080035a0   0x00000054   Code   RO         3231    i.USBH_CtlReq       usbh_ctlreq.o
    0x080035f4   0x00000034   Code   RO         3341    i.USBH_CtlSendData  usbh_ioreq.o
    0x08003628   0x00000026   Code   RO         3342    i.USBH_CtlSendSetup  usbh_ioreq.o
    0x0800364e   0x0000000c   Code   RO          329    i.USBH_Delay        usbh_conf.o
    0x0800365a   0x00000050   Code   RO         3109    i.USBH_FindInterface  usbh_core.o
    0x080036aa   0x0000001e   Code   RO         3412    i.USBH_FreePipe     usbh_pipes.o
    0x080036c8   0x0000004a   Code   RO         3232    i.USBH_GetDescriptor  usbh_ctlreq.o
    0x08003712   0x00000028   Code   RO         3413    i.USBH_GetFreePipe  usbh_pipes.o
    0x0800373a   0x00000012   Code   RO         3233    i.USBH_GetNextDesc  usbh_ctlreq.o
    0x0800374c   0x0000002e   Code   RO         3234    i.USBH_Get_CfgDesc  usbh_ctlreq.o
    0x0800377a   0x0000002e   Code   RO         3235    i.USBH_Get_DevDesc  usbh_ctlreq.o
    0x080037a8   0x00000036   Code   RO         3236    i.USBH_Get_StringDesc  usbh_ctlreq.o
    0x080037de   0x000001be   Code   RO         3237    i.USBH_HandleControl  usbh_ctlreq.o
    0x0800399c   0x0000015a   Code   RO         3112    i.USBH_HandleEnum   usbh_core.o
    0x08003af6   0x0000001c   Code   RO         3113    i.USBH_HandleSof    usbh_core.o
    0x08003b12   0x00000032   Code   RO         3114    i.USBH_Init         usbh_core.o
    0x08003b44   0x00000044   Code   RO          330    i.USBH_LL_ClosePipe  usbh_conf.o
    0x08003b88   0x0000002e   Code   RO         3115    i.USBH_LL_Connect   usbh_core.o
    0x08003bb6   0x0000003e   Code   RO         3116    i.USBH_LL_Disconnect  usbh_core.o
    0x08003bf4   0x0000001a   Code   RO          332    i.USBH_LL_DriverVBUS  usbh_conf.o
    0x08003c0e   0x00000012   Code   RO          333    i.USBH_LL_GetLastXferSize  usbh_conf.o
    0x08003c20   0x00000030   Code   RO          334    i.USBH_LL_GetSpeed  usbh_conf.o
    0x08003c50   0x0000003a   Code   RO          335    i.USBH_LL_GetToggle  usbh_conf.o
    0x08003c8a   0x00000012   Code   RO          336    i.USBH_LL_GetURBState  usbh_conf.o
    0x08003c9c   0x00000016   Code   RO         3117    i.USBH_LL_IncTimer  usbh_core.o
    0x08003cb2   0x00000002   PAD
    0x08003cb4   0x00000068   Code   RO          337    i.USBH_LL_Init      usbh_conf.o
    0x08003d1c   0x00000072   Code   RO          338    i.USBH_LL_OpenPipe  usbh_conf.o
    0x08003d8e   0x0000003c   Code   RO          339    i.USBH_LL_ResetPort  usbh_conf.o
    0x08003dca   0x00000006   Code   RO         3118    i.USBH_LL_SetTimer  usbh_core.o
    0x08003dd0   0x0000003a   Code   RO          340    i.USBH_LL_SetToggle  usbh_conf.o
    0x08003e0a   0x0000003c   Code   RO          341    i.USBH_LL_Start     usbh_conf.o
    0x08003e46   0x0000003c   Code   RO          342    i.USBH_LL_Stop      usbh_conf.o
    0x08003e82   0x00000076   Code   RO          343    i.USBH_LL_SubmitURB  usbh_conf.o
    0x08003ef8   0x0000003c   Code   RO         3548    i.USBH_MSC_BOT_Abort  usbh_msc_bot.o
    0x08003f34   0x00000028   Code   RO         3549    i.USBH_MSC_BOT_Init  usbh_msc_bot.o
    0x08003f5c   0x0000026e   Code   RO         3550    i.USBH_MSC_BOT_Process  usbh_msc_bot.o
    0x080041ca   0x00000024   Code   RO         3551    i.USBH_MSC_BOT_REQ_GetMaxLUN  usbh_msc_bot.o
    0x080041ee   0x00000020   Code   RO         3552    i.USBH_MSC_BOT_REQ_Reset  usbh_msc_bot.o
    0x0800420e   0x0000008e   Code   RO         3457    i.USBH_MSC_ClassRequest  usbh_msc.o
    0x0800429c   0x00000058   Code   RO         3553    i.USBH_MSC_DecodeCSW  usbh_msc_bot.o
    0x080042f4   0x00000038   Code   RO         3458    i.USBH_MSC_GetLUNInfo  usbh_msc.o
    0x0800432c   0x00000058   Code   RO         3460    i.USBH_MSC_InterfaceDeInit  usbh_msc.o
    0x08004384   0x000001be   Code   RO         3461    i.USBH_MSC_InterfaceInit  usbh_msc.o
    0x08004542   0x00000472   Code   RO         3463    i.USBH_MSC_Process  usbh_msc.o
    0x080049b4   0x0000015c   Code   RO         3464    i.USBH_MSC_RdWrProcess  usbh_msc.o
    0x08004b10   0x0000009c   Code   RO         3465    i.USBH_MSC_Read     usbh_msc.o
    0x08004bac   0x000000f2   Code   RO         3600    i.USBH_MSC_SCSI_Inquiry  usbh_msc_scsi.o
    0x08004c9e   0x000000a2   Code   RO         3601    i.USBH_MSC_SCSI_Read  usbh_msc_scsi.o
    0x08004d40   0x000000a8   Code   RO         3602    i.USBH_MSC_SCSI_ReadCapacity  usbh_msc_scsi.o
    0x08004de8   0x000000b2   Code   RO         3603    i.USBH_MSC_SCSI_RequestSense  usbh_msc_scsi.o
    0x08004e9a   0x00000062   Code   RO         3604    i.USBH_MSC_SCSI_TestUnitReady  usbh_msc_scsi.o
    0x08004efc   0x000000a2   Code   RO         3605    i.USBH_MSC_SCSI_Write  usbh_msc_scsi.o
    0x08004f9e   0x00000006   Code   RO         3466    i.USBH_MSC_SOFProcess  usbh_msc.o
    0x08004fa4   0x00000030   Code   RO         3467    i.USBH_MSC_UnitIsReady  usbh_msc.o
    0x08004fd4   0x0000009c   Code   RO         3468    i.USBH_MSC_Write    usbh_msc.o
    0x08005070   0x0000002a   Code   RO         3414    i.USBH_OpenPipe     usbh_pipes.o
    0x0800509a   0x000000da   Code   RO         3238    i.USBH_ParseCfgDesc  usbh_ctlreq.o
    0x08005174   0x00000058   Code   RO         3239    i.USBH_ParseDevDesc  usbh_ctlreq.o
    0x080051cc   0x00000020   Code   RO         3240    i.USBH_ParseEPDesc  usbh_ctlreq.o
    0x080051ec   0x00000026   Code   RO         3241    i.USBH_ParseInterfaceDesc  usbh_ctlreq.o
    0x08005212   0x00000036   Code   RO         3242    i.USBH_ParseStringDesc  usbh_ctlreq.o
    0x08005248   0x000001ac   Code   RO         3119    i.USBH_Process      usbh_core.o
    0x080053f4   0x0000002a   Code   RO         3121    i.USBH_RegisterClass  usbh_core.o
    0x0800541e   0x00000016   Code   RO         3122    i.USBH_SelectInterface  usbh_core.o
    0x08005434   0x00000028   Code   RO         3243    i.USBH_SetAddress   usbh_ctlreq.o
    0x0800545c   0x00000028   Code   RO         3244    i.USBH_SetCfg       usbh_ctlreq.o
    0x08005484   0x00000016   Code   RO         3123    i.USBH_Start        usbh_core.o
    0x0800549a   0x00000002   PAD
    0x0800549c   0x00000038   Code   RO          286    i.USBH_UserProcess  usb_host.o
    0x080054d4   0x00000006   Code   RO         2569    i.USBH_initialize   usbh_diskio.o
    0x080054da   0x00000002   PAD
    0x080054dc   0x0000007c   Code   RO         2570    i.USBH_ioctl        usbh_diskio.o
    0x08005558   0x00000078   Code   RO         2571    i.USBH_read         usbh_diskio.o
    0x080055d0   0x00000020   Code   RO         2572    i.USBH_status       usbh_diskio.o
    0x080055f0   0x00000080   Code   RO         2573    i.USBH_write        usbh_diskio.o
    0x08005670   0x0000001c   Code   RO          927    i.USB_CoreInit      stm32f1xx_ll_usb.o
    0x0800568c   0x0000004c   Code   RO          928    i.USB_CoreReset     stm32f1xx_ll_usb.o
    0x080056d8   0x0000000e   Code   RO          934    i.USB_DisableGlobalInt  stm32f1xx_ll_usb.o
    0x080056e6   0x00000048   Code   RO          936    i.USB_DriveVbus     stm32f1xx_ll_usb.o
    0x0800572e   0x0000000e   Code   RO          942    i.USB_EnableGlobalInt  stm32f1xx_ll_usb.o
    0x0800573c   0x0000002c   Code   RO          943    i.USB_FlushRxFifo   stm32f1xx_ll_usb.o
    0x08005768   0x00000030   Code   RO          944    i.USB_FlushTxFifo   stm32f1xx_ll_usb.o
    0x08005798   0x0000000c   Code   RO          945    i.USB_GetCurrentFrame  stm32f1xx_ll_usb.o
    0x080057a4   0x00000016   Code   RO          947    i.USB_GetHostSpeed  stm32f1xx_ll_usb.o
    0x080057ba   0x0000000a   Code   RO          948    i.USB_GetMode       stm32f1xx_ll_usb.o
    0x080057c4   0x0000017a   Code   RO          949    i.USB_HC_Halt       stm32f1xx_ll_usb.o
    0x0800593e   0x00000166   Code   RO          950    i.USB_HC_Init       stm32f1xx_ll_usb.o
    0x08005aa4   0x0000000c   Code   RO          951    i.USB_HC_ReadInterrupt  stm32f1xx_ll_usb.o
    0x08005ab0   0x00000130   Code   RO          952    i.USB_HC_StartXfer  stm32f1xx_ll_usb.o
    0x08005be0   0x000000c8   Code   RO          953    i.USB_HostInit      stm32f1xx_ll_usb.o
    0x08005ca8   0x0000003e   Code   RO          954    i.USB_InitFSLSPClkSel  stm32f1xx_ll_usb.o
    0x08005ce6   0x0000000c   Code   RO          959    i.USB_ReadInterrupts  stm32f1xx_ll_usb.o
    0x08005cf2   0x00000028   Code   RO          960    i.USB_ReadPacket    stm32f1xx_ll_usb.o
    0x08005d1a   0x00000034   Code   RO          961    i.USB_ResetPort     stm32f1xx_ll_usb.o
    0x08005d4e   0x00000030   Code   RO          962    i.USB_SetCurrentMode  stm32f1xx_ll_usb.o
    0x08005d7e   0x000000b0   Code   RO          966    i.USB_StopHost      stm32f1xx_ll_usb.o
    0x08005e2e   0x0000002e   Code   RO          967    i.USB_WritePacket   stm32f1xx_ll_usb.o
    0x08005e5c   0x00000004   Code   RO          479    i.UsageFault_Handler  stm32f1xx_it.o
    0x08005e60   0x00000004   Code   RO          125    i._Error_Handler    main.o
    0x08005e64   0x00000098   Code   RO         2686    i.check_fs          ff.o
    0x08005efc   0x00000014   Code   RO         2687    i.chk_chr           ff.o
    0x08005f10   0x00000090   Code   RO         2688    i.chk_lock          ff.o
    0x08005fa0   0x00000030   Code   RO         2689    i.clear_lock        ff.o
    0x08005fd0   0x00000038   Code   RO         2690    i.clmt_clust        ff.o
    0x08006008   0x00000020   Code   RO         2691    i.clust2sect        ff.o
    0x08006028   0x00000090   Code   RO         2692    i.cmp_lfn           ff.o
    0x080060b8   0x000000ea   Code   RO         2693    i.create_chain      ff.o
    0x080061a2   0x00000002   PAD
    0x080061a4   0x00000230   Code   RO         2694    i.create_name       ff.o
    0x080063d4   0x0000004c   Code   RO         2695    i.dec_lock          ff.o
    0x08006420   0x00000064   Code   RO         2696    i.dir_alloc         ff.o
    0x08006484   0x00000102   Code   RO         2697    i.dir_find          ff.o
    0x08006586   0x0000015a   Code   RO         2698    i.dir_next          ff.o
    0x080066e0   0x0000014a   Code   RO         2700    i.dir_register      ff.o
    0x0800682a   0x000000c8   Code   RO         2702    i.dir_sdi           ff.o
    0x080068f2   0x00000002   PAD
    0x080068f4   0x0000002c   Code   RO         2631    i.disk_initialize   diskio.o
    0x08006920   0x00000028   Code   RO         2632    i.disk_ioctl        diskio.o
    0x08006948   0x00000030   Code   RO         2633    i.disk_read         diskio.o
    0x08006978   0x0000001c   Code   RO         2634    i.disk_status       diskio.o
    0x08006994   0x00000030   Code   RO         2635    i.disk_write        diskio.o
    0x080069c4   0x00000028   Code   RO         2703    i.enq_lock          ff.o
    0x080069ec   0x0000002e   Code   RO         2705    i.f_close           ff.o
    0x08006a1a   0x00000342   Code   RO         2709    i.f_lseek           ff.o
    0x08006d5c   0x00000064   Code   RO         2712    i.f_mount           ff.o
    0x08006dc0   0x000001e4   Code   RO         2713    i.f_open            ff.o
    0x08006fa4   0x00000204   Code   RO         2718    i.f_read            ff.o
    0x080071a8   0x000000ca   Code   RO         2722    i.f_sync            ff.o
    0x08007272   0x00000002   PAD
    0x08007274   0x0000004c   Code   RO         2537    i.ff_convert        ccsbcs.o
    0x080072c0   0x00000038   Code   RO         2538    i.ff_wtoupper       ccsbcs.o
    0x080072f8   0x000003dc   Code   RO         2727    i.find_volume       ff.o
    0x080076d4   0x00000080   Code   RO         2728    i.fit_lfn           ff.o
    0x08007754   0x0000009c   Code   RO         2729    i.follow_path       ff.o
    0x080077f0   0x00000018   Code   RO          589    i.gen_crc           usb_dfu.o
    0x08007808   0x000000b4   Code   RO         2730    i.gen_numname       ff.o
    0x080078bc   0x000000ee   Code   RO         2731    i.get_fat           ff.o
    0x080079aa   0x00000004   Code   RO          248    i.get_fattime       fatfs.o
    0x080079ae   0x00000048   Code   RO         2733    i.get_ldnumber      ff.o
    0x080079f6   0x00000002   PAD
    0x080079f8   0x0000004c   Code   RO           13    i.get_pcb_version   system.o
    0x08007a44   0x00000028   Code   RO          126    i.go_to             main.o
    0x08007a6c   0x000000e8   Code   RO         2734    i.inc_lock          ff.o
    0x08007b54   0x00000032   Code   RO          590    i.inter_flash_page_write  usb_dfu.o
    0x08007b86   0x00000022   Code   RO         2735    i.ld_clust          ff.o
    0x08007ba8   0x0000008c   Code   RO          127    i.main              main.o
    0x08007c34   0x00000026   Code   RO         2736    i.mem_cmp           ff.o
    0x08007c5a   0x0000001a   Code   RO         2737    i.mem_cpy           ff.o
    0x08007c74   0x00000014   Code   RO         2738    i.mem_set           ff.o
    0x08007c88   0x00000038   Code   RO         2739    i.move_window       ff.o
    0x08007cc0   0x0000008c   Code   RO          591    i.program           usb_dfu.o
    0x08007d4c   0x00000146   Code   RO         2741    i.put_fat           ff.o
    0x08007e92   0x0000007a   Code   RO         2743    i.remove_chain      ff.o
    0x08007f0c   0x00000010   Code   RO         2744    i.st_clust          ff.o
    0x08007f1c   0x00000020   Code   RO         2745    i.sum_sfn           ff.o
    0x08007f3c   0x000000f4   Code   RO         2746    i.sync_fs           ff.o
    0x08008030   0x00000060   Code   RO         2747    i.sync_window       ff.o
    0x08008090   0x000000f8   Code   RO          592    i.upgrade_pack_check  usb_dfu.o
    0x08008188   0x000000a0   Code   RO          593    i.usb_upgrade_proc  usb_dfu.o
    0x08008228   0x00000042   Code   RO         2748    i.validate          ff.o
    0x0800826a   0x00000038   Code   RO          594    i.verify            usb_dfu.o
    0x080082a2   0x00000002   PAD
    0x080082a4   0x00000070   Code   RO          595    i.write_head        usb_dfu.o
    0x08008314   0x00000018   Data   RO         2468    .constdata          system_stm32f1xx_1.o
    0x0800832c   0x000004c0   Data   RO         2539    .constdata          ccsbcs.o
    0x080087ec   0x00000014   Data   RO         2574    .constdata          usbh_diskio.o
    0x08008800   0x000000ba   Data   RO         2750    .constdata          ff.o
    0x080088ba   0x00000002   PAD
    0x080088bc   0x0000002f   Data   RO          597    .conststring        usb_dfu.o
    0x080088eb   0x00000001   PAD
    0x080088ec   0x00000004   Data   RO         3469    .conststring        usbh_msc.o
    0x080088f0   0x00000020   Data   RO         3939    Region$$Table       anon$$obj.o


    Execution Region RW_IRAM1 (Base: 0x20000000, Size: 0x00005488, Max: 0x00010000, ABSOLUTE)

    Base Addr    Size         Type   Attr      Idx    E Section Name        Object

    0x20000000   0x00000004   Data   RW          129    .data               main.o
    0x20000004   0x00000005   Data   RW          250    .data               fatfs.o
    0x20000009   0x00000001   Data   RW          288    .data               usb_host.o
    0x2000000a   0x00000002   PAD
    0x2000000c   0x00000014   Data   RW          598    .data               usb_dfu.o
    0x20000020   0x00000009   Data   RW         1546    .data               stm32f1xx_hal.o
    0x20000029   0x00000003   PAD
    0x2000002c   0x00000004   Data   RW         2469    .data               system_stm32f1xx_1.o
    0x20000030   0x00000006   Data   RW         2751    .data               ff.o
    0x20000036   0x00000002   PAD
    0x20000038   0x00000020   Data   RW         3470    .data               usbh_msc.o
    0x20000058   0x00000244   Zero   RW          128    .bss                main.o
    0x2000029c   0x000003c8   Zero   RW          287    .bss                usb_host.o
    0x20000664   0x00000284   Zero   RW          344    .bss                usbh_conf.o
    0x200008e8   0x00000af4   Zero   RW          596    .bss                usb_dfu.o
    0x200013dc   0x00000004   PAD
    0x200013e0   0x00000020   Zero   RW         2271    .bss                stm32f1xx_hal_flash.o
    0x20001400   0x00000018   Zero   RW         2749    .bss                ff.o
    0x20001418   0x0000000c   Zero   RW         3061    .bss                ff_gen_drv.o
    0x20001424   0x00000060   Zero   RW         3815    .bss                c_w.l(libspace.o)
    0x20001484   0x00000004   PAD
    0x20001488   0x00002000   Zero   RW            2    HEAP                startup_stm32f107xc.o
    0x20003488   0x00002000   Zero   RW            1    STACK               startup_stm32f107xc.o


==============================================================================

Image component sizes


      Code (inc. data)   RO Data    RW Data    ZI Data      Debug   Object Name

       132         16       1216          0          0       1891   ccsbcs.o
       208         24          0          0          0       3449   diskio.o
        32         12          0          5          0       1352   fatfs.o
      7992         94        186          6         24      37195   ff.o
       102          6          0          0         12       1523   ff_gen_drv.o
       720         96          0          4        580      25275   main.o
        64         26        336          0      16384        788   startup_stm32f107xc.o
       192         36          0          9          0       3633   stm32f1xx_hal.o
       348         22          0          0          0      27545   stm32f1xx_hal_cortex.o
       520         48          0          0         32       3958   stm32f1xx_hal_flash.o
       256         26          0          0          0       2431   stm32f1xx_hal_flash_ex_1.o
       824         32          0          0          0       3175   stm32f1xx_hal_gpio.o
      4420          4          0          0          0      11853   stm32f1xx_hal_hcd.o
       244         20          0          0          0       1472   stm32f1xx_hal_msp.o
        12          4          0          0          0        491   stm32f1xx_hal_pwr.o
      2148        110          0          0          0       5461   stm32f1xx_hal_rcc.o
      1084         62          0          0          0       2661   stm32f1xx_hal_rcc_ex.o
       388          6          0          0          0       3136   stm32f1xx_hal_rtc.o
        52          6          0          0          0       4030   stm32f1xx_it.o
      2028         36          0          0          0      14466   stm32f1xx_ll_usb.o
         0          0          0          0          0        496   syscall.o
        76         18          0          0          0     619438   system.o
       100         16         24          4          0       1095   system_stm32f1xx_1.o
       790         64         47         20       2804       4947   usb_dfu.o
       112         24          0          1        968       1930   usb_host.o
       930         32          0          0        644      11348   usbh_conf.o
      1236         22          0          0          0       8994   usbh_core.o
      1318         12          0          0          0      10896   usbh_ctlreq.o
       410         20         20          0          0       4405   usbh_diskio.o
       226          0          0          0          0       4004   usbh_ioreq.o
      2584         10          4         32          0       9809   usbh_msc.o
       878         26          0          0          0       4857   usbh_msc_bot.o
      1010          0          0          0          0       5371   usbh_msc_scsi.o
       168          0          0          0          0       3614   usbh_pipes.o

    ----------------------------------------------------------------------
     31636        930       1868         88      21452     846989   Object Totals
         0          0         32          0          0          0   (incl. Generated)
        32          0          3          7          4          0   (incl. Padding)

    ----------------------------------------------------------------------

      Code (inc. data)   RO Data    RW Data    ZI Data      Debug   Library Member Name

         8          0          0          0          0         68   __main.o
         0          0          0          0          0          0   __rtentry.o
        12          0          0          0          0          0   __rtentry2.o
         6          0          0          0          0          0   __rtentry4.o
        52          8          0          0          0          0   __scatter.o
        26          0          0          0          0          0   __scatter_copy.o
        28          0          0          0          0          0   __scatter_zi.o
        10          0          0          0          0         68   defsig_exit.o
        50          0          0          0          0         88   defsig_general.o
        80         58          0          0          0         76   defsig_rtmem_inner.o
        14          0          0          0          0         80   defsig_rtmem_outer.o
        12          0          0          0          0         72   exit.o
        94          0          0          0          0         80   h1_alloc.o
        52          0          0          0          0         68   h1_extend.o
        78          0          0          0          0         80   h1_free.o
        14          0          0          0          0         84   h1_init.o
         6          0          0          0          0        152   heapauxi.o
         4          0          0          0          0        136   hguard.o
         0          0          0          0          0          0   indicate_semi.o
       138          0          0          0          0        168   init_alloc.o
         2          0          0          0          0          0   libinit.o
        10          0          0          0          0          0   libinit2.o
         2          0          0          0          0          0   libshutdown.o
         2          0          0          0          0          0   libshutdown2.o
         8          4          0          0         96         68   libspace.o
       238          0          0          0          0        100   lludivv7m.o
        38          0          0          0          0         68   llushr.o
         0          0          0          0          0          0   maybetermalloc1.o
        88          0          0          0          0         76   memcmp.o
         8          4          0          0          0         68   rt_heap_descriptor_intlibspace.o
        68          0          0          0          0         68   rt_memclr.o
        78          0          0          0          0         80   rt_memclr_w.o
       138          0          0          0          0         68   rt_memcpy_v6.o
       100          0          0          0          0         80   rt_memcpy_w.o
         2          0          0          0          0          0   rtexit.o
        10          0          0          0          0          0   rtexit2.o
        12          4          0          0          0         68   sys_exit.o
        74          0          0          0          0         80   sys_stackheap_outer.o
        14          0          0          0          0         76   sys_wrch.o
         2          0          0          0          0         68   use_no_semi.o

    ----------------------------------------------------------------------
      1584         78          0          0        100       2188   Library Totals
         6          0          0          0          4          0   (incl. Padding)

    ----------------------------------------------------------------------

      Code (inc. data)   RO Data    RW Data    ZI Data      Debug   Library Name

      1578         78          0          0         96       2188   c_w.l

    ----------------------------------------------------------------------
      1584         78          0          0        100       2188   Library Totals

    ----------------------------------------------------------------------

==============================================================================


      Code (inc. data)   RO Data    RW Data    ZI Data      Debug   

     33220       1008       1868         88      21552     835653   Grand Totals
     33220       1008       1868         88      21552     835653   ELF Image Totals
     33220       1008       1868         88          0          0   ROM Totals

==============================================================================

    Total RO  Size (Code + RO Data)                35088 (  34.27kB)
    Total RW  Size (RW Data + ZI Data)             21640 (  21.13kB)
    Total ROM Size (Code + RO Data + RW Data)      35176 (  34.35kB)

==============================================================================

